
AVRASM ver. 2.1.30  C:\Users\A\Desktop\micro\3\part5\Debug\List\A2.asm Thu Aug 06 21:28:51 2020

C:\Users\A\Desktop\micro\3\part5\Debug\List\A2.asm(1088): warning: Register r5 already defined by the .DEF directive
C:\Users\A\Desktop\micro\3\part5\Debug\List\A2.asm(1089): warning: Register r4 already defined by the .DEF directive
C:\Users\A\Desktop\micro\3\part5\Debug\List\A2.asm(1090): warning: Register r7 already defined by the .DEF directive
                 
                 
                 ;CodeVisionAVR C Compiler V3.14 Advanced
                 ;(C) Copyright 1998-2014 Pavel Haiduc, HP InfoTech s.r.l.
                 ;http://www.hpinfotech.com
                 
                 ;Build configuration    : Debug
                 ;Chip type              : ATmega32
                 ;Program type           : Application
                 ;Clock frequency        : 1/000000 MHz
                 ;Memory model           : Small
                 ;Optimize for           : Size
                 ;(s)printf features     : int, width
                 ;(s)scanf features      : int, width
                 ;External RAM size      : 0
                 ;Data Stack size        : 512 byte(s)
                 ;Heap size              : 0 byte(s)
                 ;Promote 'char' to 'int': Yes
                 ;'char' is unsigned     : Yes
                 ;8 bit enums            : Yes
                 ;Global 'const' stored in FLASH: Yes
                 ;Enhanced function parameter passing: Yes
                 ;Enhanced core instructions: On
                 ;Automatic register allocation for global variables: On
                 ;Smart register allocation: On
                 
                 	#define _MODEL_SMALL_
                 
                 	#pragma AVRPART ADMIN PART_NAME ATmega32
                 	#pragma AVRPART MEMORY PROG_FLASH 32768
                 	#pragma AVRPART MEMORY EEPROM 1024
                 	#pragma AVRPART MEMORY INT_SRAM SIZE 2048
                 	#pragma AVRPART MEMORY INT_SRAM START_ADDR 0x60
                 
                 	#define CALL_SUPPORTED 1
                 
                 	.LISTMAC
                 	.EQU UDRE=0x5
                 	.EQU RXC=0x7
                 	.EQU USR=0xB
                 	.EQU UDR=0xC
                 	.EQU SPSR=0xE
                 	.EQU SPDR=0xF
                 	.EQU EERE=0x0
                 	.EQU EEWE=0x1
                 	.EQU EEMWE=0x2
                 	.EQU EECR=0x1C
                 	.EQU EEDR=0x1D
                 	.EQU EEARL=0x1E
                 	.EQU EEARH=0x1F
                 	.EQU WDTCR=0x21
                 	.EQU MCUCR=0x35
                 	.EQU GICR=0x3B
                 	.EQU SPL=0x3D
                 	.EQU SPH=0x3E
                 	.EQU SREG=0x3F
                 
                 	.DEF R0X0=R0
                 	.DEF R0X1=R1
                 	.DEF R0X2=R2
                 	.DEF R0X3=R3
                 	.DEF R0X4=R4
                 	.DEF R0X5=R5
                 	.DEF R0X6=R6
                 	.DEF R0X7=R7
                 	.DEF R0X8=R8
                 	.DEF R0X9=R9
                 	.DEF R0XA=R10
                 	.DEF R0XB=R11
                 	.DEF R0XC=R12
                 	.DEF R0XD=R13
                 	.DEF R0XE=R14
                 	.DEF R0XF=R15
                 	.DEF R0X10=R16
                 	.DEF R0X11=R17
                 	.DEF R0X12=R18
                 	.DEF R0X13=R19
                 	.DEF R0X14=R20
                 	.DEF R0X15=R21
                 	.DEF R0X16=R22
                 	.DEF R0X17=R23
                 	.DEF R0X18=R24
                 	.DEF R0X19=R25
                 	.DEF R0X1A=R26
                 	.DEF R0X1B=R27
                 	.DEF R0X1C=R28
                 	.DEF R0X1D=R29
                 	.DEF R0X1E=R30
                 	.DEF R0X1F=R31
                 
                 	.EQU __SRAM_START=0x0060
                 	.EQU __SRAM_END=0x085F
                 	.EQU __DSTACK_SIZE=0x0200
                 	.EQU __HEAP_SIZE=0x0000
                 	.EQU __CLEAR_SRAM_SIZE=__SRAM_END-__SRAM_START+1
                 
                 	.MACRO __CPD1N
                 	CPI  R30,LOW(@0)
                 	LDI  R26,HIGH(@0)
                 	CPC  R31,R26
                 	LDI  R26,BYTE3(@0)
                 	CPC  R22,R26
                 	LDI  R26,BYTE4(@0)
                 	CPC  R23,R26
                 	.ENDM
                 
                 	.MACRO __CPD2N
                 	CPI  R26,LOW(@0)
                 	LDI  R30,HIGH(@0)
                 	CPC  R27,R30
                 	LDI  R30,BYTE3(@0)
                 	CPC  R24,R30
                 	LDI  R30,BYTE4(@0)
                 	CPC  R25,R30
                 	.ENDM
                 
                 	.MACRO __CPWRR
                 	CP   R@0,R@2
                 	CPC  R@1,R@3
                 	.ENDM
                 
                 	.MACRO __CPWRN
                 	CPI  R@0,LOW(@2)
                 	LDI  R30,HIGH(@2)
                 	CPC  R@1,R30
                 	.ENDM
                 
                 	.MACRO __ADDB1MN
                 	SUBI R30,LOW(-@0-(@1))
                 	.ENDM
                 
                 	.MACRO __ADDB2MN
                 	SUBI R26,LOW(-@0-(@1))
                 	.ENDM
                 
                 	.MACRO __ADDW1MN
                 	SUBI R30,LOW(-@0-(@1))
                 	SBCI R31,HIGH(-@0-(@1))
                 	.ENDM
                 
                 	.MACRO __ADDW2MN
                 	SUBI R26,LOW(-@0-(@1))
                 	SBCI R27,HIGH(-@0-(@1))
                 	.ENDM
                 
                 	.MACRO __ADDW1FN
                 	SUBI R30,LOW(-2*@0-(@1))
                 	SBCI R31,HIGH(-2*@0-(@1))
                 	.ENDM
                 
                 	.MACRO __ADDD1FN
                 	SUBI R30,LOW(-2*@0-(@1))
                 	SBCI R31,HIGH(-2*@0-(@1))
                 	SBCI R22,BYTE3(-2*@0-(@1))
                 	.ENDM
                 
                 	.MACRO __ADDD1N
                 	SUBI R30,LOW(-@0)
                 	SBCI R31,HIGH(-@0)
                 	SBCI R22,BYTE3(-@0)
                 	SBCI R23,BYTE4(-@0)
                 	.ENDM
                 
                 	.MACRO __ADDD2N
                 	SUBI R26,LOW(-@0)
                 	SBCI R27,HIGH(-@0)
                 	SBCI R24,BYTE3(-@0)
                 	SBCI R25,BYTE4(-@0)
                 	.ENDM
                 
                 	.MACRO __SUBD1N
                 	SUBI R30,LOW(@0)
                 	SBCI R31,HIGH(@0)
                 	SBCI R22,BYTE3(@0)
                 	SBCI R23,BYTE4(@0)
                 	.ENDM
                 
                 	.MACRO __SUBD2N
                 	SUBI R26,LOW(@0)
                 	SBCI R27,HIGH(@0)
                 	SBCI R24,BYTE3(@0)
                 	SBCI R25,BYTE4(@0)
                 	.ENDM
                 
                 	.MACRO __ANDBMNN
                 	LDS  R30,@0+(@1)
                 	ANDI R30,LOW(@2)
                 	STS  @0+(@1),R30
                 	.ENDM
                 
                 	.MACRO __ANDWMNN
                 	LDS  R30,@0+(@1)
                 	ANDI R30,LOW(@2)
                 	STS  @0+(@1),R30
                 	LDS  R30,@0+(@1)+1
                 	ANDI R30,HIGH(@2)
                 	STS  @0+(@1)+1,R30
                 	.ENDM
                 
                 	.MACRO __ANDD1N
                 	ANDI R30,LOW(@0)
                 	ANDI R31,HIGH(@0)
                 	ANDI R22,BYTE3(@0)
                 	ANDI R23,BYTE4(@0)
                 	.ENDM
                 
                 	.MACRO __ANDD2N
                 	ANDI R26,LOW(@0)
                 	ANDI R27,HIGH(@0)
                 	ANDI R24,BYTE3(@0)
                 	ANDI R25,BYTE4(@0)
                 	.ENDM
                 
                 	.MACRO __ORBMNN
                 	LDS  R30,@0+(@1)
                 	ORI  R30,LOW(@2)
                 	STS  @0+(@1),R30
                 	.ENDM
                 
                 	.MACRO __ORWMNN
                 	LDS  R30,@0+(@1)
                 	ORI  R30,LOW(@2)
                 	STS  @0+(@1),R30
                 	LDS  R30,@0+(@1)+1
                 	ORI  R30,HIGH(@2)
                 	STS  @0+(@1)+1,R30
                 	.ENDM
                 
                 	.MACRO __ORD1N
                 	ORI  R30,LOW(@0)
                 	ORI  R31,HIGH(@0)
                 	ORI  R22,BYTE3(@0)
                 	ORI  R23,BYTE4(@0)
                 	.ENDM
                 
                 	.MACRO __ORD2N
                 	ORI  R26,LOW(@0)
                 	ORI  R27,HIGH(@0)
                 	ORI  R24,BYTE3(@0)
                 	ORI  R25,BYTE4(@0)
                 	.ENDM
                 
                 	.MACRO __DELAY_USB
                 	LDI  R24,LOW(@0)
                 __DELAY_USB_LOOP:
                 	DEC  R24
                 	BRNE __DELAY_USB_LOOP
                 	.ENDM
                 
                 	.MACRO __DELAY_USW
                 	LDI  R24,LOW(@0)
                 	LDI  R25,HIGH(@0)
                 __DELAY_USW_LOOP:
                 	SBIW R24,1
                 	BRNE __DELAY_USW_LOOP
                 	.ENDM
                 
                 	.MACRO __GETD1S
                 	LDD  R30,Y+@0
                 	LDD  R31,Y+@0+1
                 	LDD  R22,Y+@0+2
                 	LDD  R23,Y+@0+3
                 	.ENDM
                 
                 	.MACRO __GETD2S
                 	LDD  R26,Y+@0
                 	LDD  R27,Y+@0+1
                 	LDD  R24,Y+@0+2
                 	LDD  R25,Y+@0+3
                 	.ENDM
                 
                 	.MACRO __PUTD1S
                 	STD  Y+@0,R30
                 	STD  Y+@0+1,R31
                 	STD  Y+@0+2,R22
                 	STD  Y+@0+3,R23
                 	.ENDM
                 
                 	.MACRO __PUTD2S
                 	STD  Y+@0,R26
                 	STD  Y+@0+1,R27
                 	STD  Y+@0+2,R24
                 	STD  Y+@0+3,R25
                 	.ENDM
                 
                 	.MACRO __PUTDZ2
                 	STD  Z+@0,R26
                 	STD  Z+@0+1,R27
                 	STD  Z+@0+2,R24
                 	STD  Z+@0+3,R25
                 	.ENDM
                 
                 	.MACRO __CLRD1S
                 	STD  Y+@0,R30
                 	STD  Y+@0+1,R30
                 	STD  Y+@0+2,R30
                 	STD  Y+@0+3,R30
                 	.ENDM
                 
                 	.MACRO __POINTB1MN
                 	LDI  R30,LOW(@0+(@1))
                 	.ENDM
                 
                 	.MACRO __POINTW1MN
                 	LDI  R30,LOW(@0+(@1))
                 	LDI  R31,HIGH(@0+(@1))
                 	.ENDM
                 
                 	.MACRO __POINTD1M
                 	LDI  R30,LOW(@0)
                 	LDI  R31,HIGH(@0)
                 	LDI  R22,BYTE3(@0)
                 	LDI  R23,BYTE4(@0)
                 	.ENDM
                 
                 	.MACRO __POINTW1FN
                 	LDI  R30,LOW(2*@0+(@1))
                 	LDI  R31,HIGH(2*@0+(@1))
                 	.ENDM
                 
                 	.MACRO __POINTD1FN
                 	LDI  R30,LOW(2*@0+(@1))
                 	LDI  R31,HIGH(2*@0+(@1))
                 	LDI  R22,BYTE3(2*@0+(@1))
                 	LDI  R23,BYTE4(2*@0+(@1))
                 	.ENDM
                 
                 	.MACRO __POINTB2MN
                 	LDI  R26,LOW(@0+(@1))
                 	.ENDM
                 
                 	.MACRO __POINTW2MN
                 	LDI  R26,LOW(@0+(@1))
                 	LDI  R27,HIGH(@0+(@1))
                 	.ENDM
                 
                 	.MACRO __POINTW2FN
                 	LDI  R26,LOW(2*@0+(@1))
                 	LDI  R27,HIGH(2*@0+(@1))
                 	.ENDM
                 
                 	.MACRO __POINTD2FN
                 	LDI  R26,LOW(2*@0+(@1))
                 	LDI  R27,HIGH(2*@0+(@1))
                 	LDI  R24,BYTE3(2*@0+(@1))
                 	LDI  R25,BYTE4(2*@0+(@1))
                 	.ENDM
                 
                 	.MACRO __POINTBRM
                 	LDI  R@0,LOW(@1)
                 	.ENDM
                 
                 	.MACRO __POINTWRM
                 	LDI  R@0,LOW(@2)
                 	LDI  R@1,HIGH(@2)
                 	.ENDM
                 
                 	.MACRO __POINTBRMN
                 	LDI  R@0,LOW(@1+(@2))
                 	.ENDM
                 
                 	.MACRO __POINTWRMN
                 	LDI  R@0,LOW(@2+(@3))
                 	LDI  R@1,HIGH(@2+(@3))
                 	.ENDM
                 
                 	.MACRO __POINTWRFN
                 	LDI  R@0,LOW(@2*2+(@3))
                 	LDI  R@1,HIGH(@2*2+(@3))
                 	.ENDM
                 
                 	.MACRO __GETD1N
                 	LDI  R30,LOW(@0)
                 	LDI  R31,HIGH(@0)
                 	LDI  R22,BYTE3(@0)
                 	LDI  R23,BYTE4(@0)
                 	.ENDM
                 
                 	.MACRO __GETD2N
                 	LDI  R26,LOW(@0)
                 	LDI  R27,HIGH(@0)
                 	LDI  R24,BYTE3(@0)
                 	LDI  R25,BYTE4(@0)
                 	.ENDM
                 
                 	.MACRO __GETB1MN
                 	LDS  R30,@0+(@1)
                 	.ENDM
                 
                 	.MACRO __GETB1HMN
                 	LDS  R31,@0+(@1)
                 	.ENDM
                 
                 	.MACRO __GETW1MN
                 	LDS  R30,@0+(@1)
                 	LDS  R31,@0+(@1)+1
                 	.ENDM
                 
                 	.MACRO __GETD1MN
                 	LDS  R30,@0+(@1)
                 	LDS  R31,@0+(@1)+1
                 	LDS  R22,@0+(@1)+2
                 	LDS  R23,@0+(@1)+3
                 	.ENDM
                 
                 	.MACRO __GETBRMN
                 	LDS  R@0,@1+(@2)
                 	.ENDM
                 
                 	.MACRO __GETWRMN
                 	LDS  R@0,@2+(@3)
                 	LDS  R@1,@2+(@3)+1
                 	.ENDM
                 
                 	.MACRO __GETWRZ
                 	LDD  R@0,Z+@2
                 	LDD  R@1,Z+@2+1
                 	.ENDM
                 
                 	.MACRO __GETD2Z
                 	LDD  R26,Z+@0
                 	LDD  R27,Z+@0+1
                 	LDD  R24,Z+@0+2
                 	LDD  R25,Z+@0+3
                 	.ENDM
                 
                 	.MACRO __GETB2MN
                 	LDS  R26,@0+(@1)
                 	.ENDM
                 
                 	.MACRO __GETW2MN
                 	LDS  R26,@0+(@1)
                 	LDS  R27,@0+(@1)+1
                 	.ENDM
                 
                 	.MACRO __GETD2MN
                 	LDS  R26,@0+(@1)
                 	LDS  R27,@0+(@1)+1
                 	LDS  R24,@0+(@1)+2
                 	LDS  R25,@0+(@1)+3
                 	.ENDM
                 
                 	.MACRO __PUTB1MN
                 	STS  @0+(@1),R30
                 	.ENDM
                 
                 	.MACRO __PUTW1MN
                 	STS  @0+(@1),R30
                 	STS  @0+(@1)+1,R31
                 	.ENDM
                 
                 	.MACRO __PUTD1MN
                 	STS  @0+(@1),R30
                 	STS  @0+(@1)+1,R31
                 	STS  @0+(@1)+2,R22
                 	STS  @0+(@1)+3,R23
                 	.ENDM
                 
                 	.MACRO __PUTB1EN
                 	LDI  R26,LOW(@0+(@1))
                 	LDI  R27,HIGH(@0+(@1))
                 	CALL __EEPROMWRB
                 	.ENDM
                 
                 	.MACRO __PUTW1EN
                 	LDI  R26,LOW(@0+(@1))
                 	LDI  R27,HIGH(@0+(@1))
                 	CALL __EEPROMWRW
                 	.ENDM
                 
                 	.MACRO __PUTD1EN
                 	LDI  R26,LOW(@0+(@1))
                 	LDI  R27,HIGH(@0+(@1))
                 	CALL __EEPROMWRD
                 	.ENDM
                 
                 	.MACRO __PUTBR0MN
                 	STS  @0+(@1),R0
                 	.ENDM
                 
                 	.MACRO __PUTBMRN
                 	STS  @0+(@1),R@2
                 	.ENDM
                 
                 	.MACRO __PUTWMRN
                 	STS  @0+(@1),R@2
                 	STS  @0+(@1)+1,R@3
                 	.ENDM
                 
                 	.MACRO __PUTBZR
                 	STD  Z+@1,R@0
                 	.ENDM
                 
                 	.MACRO __PUTWZR
                 	STD  Z+@2,R@0
                 	STD  Z+@2+1,R@1
                 	.ENDM
                 
                 	.MACRO __GETW1R
                 	MOV  R30,R@0
                 	MOV  R31,R@1
                 	.ENDM
                 
                 	.MACRO __GETW2R
                 	MOV  R26,R@0
                 	MOV  R27,R@1
                 	.ENDM
                 
                 	.MACRO __GETWRN
                 	LDI  R@0,LOW(@2)
                 	LDI  R@1,HIGH(@2)
                 	.ENDM
                 
                 	.MACRO __PUTW1R
                 	MOV  R@0,R30
                 	MOV  R@1,R31
                 	.ENDM
                 
                 	.MACRO __PUTW2R
                 	MOV  R@0,R26
                 	MOV  R@1,R27
                 	.ENDM
                 
                 	.MACRO __ADDWRN
                 	SUBI R@0,LOW(-@2)
                 	SBCI R@1,HIGH(-@2)
                 	.ENDM
                 
                 	.MACRO __ADDWRR
                 	ADD  R@0,R@2
                 	ADC  R@1,R@3
                 	.ENDM
                 
                 	.MACRO __SUBWRN
                 	SUBI R@0,LOW(@2)
                 	SBCI R@1,HIGH(@2)
                 	.ENDM
                 
                 	.MACRO __SUBWRR
                 	SUB  R@0,R@2
                 	SBC  R@1,R@3
                 	.ENDM
                 
                 	.MACRO __ANDWRN
                 	ANDI R@0,LOW(@2)
                 	ANDI R@1,HIGH(@2)
                 	.ENDM
                 
                 	.MACRO __ANDWRR
                 	AND  R@0,R@2
                 	AND  R@1,R@3
                 	.ENDM
                 
                 	.MACRO __ORWRN
                 	ORI  R@0,LOW(@2)
                 	ORI  R@1,HIGH(@2)
                 	.ENDM
                 
                 	.MACRO __ORWRR
                 	OR   R@0,R@2
                 	OR   R@1,R@3
                 	.ENDM
                 
                 	.MACRO __EORWRR
                 	EOR  R@0,R@2
                 	EOR  R@1,R@3
                 	.ENDM
                 
                 	.MACRO __GETWRS
                 	LDD  R@0,Y+@2
                 	LDD  R@1,Y+@2+1
                 	.ENDM
                 
                 	.MACRO __PUTBSR
                 	STD  Y+@1,R@0
                 	.ENDM
                 
                 	.MACRO __PUTWSR
                 	STD  Y+@2,R@0
                 	STD  Y+@2+1,R@1
                 	.ENDM
                 
                 	.MACRO __MOVEWRR
                 	MOV  R@0,R@2
                 	MOV  R@1,R@3
                 	.ENDM
                 
                 	.MACRO __INWR
                 	IN   R@0,@2
                 	IN   R@1,@2+1
                 	.ENDM
                 
                 	.MACRO __OUTWR
                 	OUT  @2+1,R@1
                 	OUT  @2,R@0
                 	.ENDM
                 
                 	.MACRO __CALL1MN
                 	LDS  R30,@0+(@1)
                 	LDS  R31,@0+(@1)+1
                 	ICALL
                 	.ENDM
                 
                 	.MACRO __CALL1FN
                 	LDI  R30,LOW(2*@0+(@1))
                 	LDI  R31,HIGH(2*@0+(@1))
                 	CALL __GETW1PF
                 	ICALL
                 	.ENDM
                 
                 	.MACRO __CALL2EN
                 	PUSH R26
                 	PUSH R27
                 	LDI  R26,LOW(@0+(@1))
                 	LDI  R27,HIGH(@0+(@1))
                 	CALL __EEPROMRDW
                 	POP  R27
                 	POP  R26
                 	ICALL
                 	.ENDM
                 
                 	.MACRO __CALL2EX
                 	SUBI R26,LOW(-@0)
                 	SBCI R27,HIGH(-@0)
                 	CALL __EEPROMRDD
                 	ICALL
                 	.ENDM
                 
                 	.MACRO __GETW1STACK
                 	IN   R30,SPL
                 	IN   R31,SPH
                 	ADIW R30,@0+1
                 	LD   R0,Z+
                 	LD   R31,Z
                 	MOV  R30,R0
                 	.ENDM
                 
                 	.MACRO __GETD1STACK
                 	IN   R30,SPL
                 	IN   R31,SPH
                 	ADIW R30,@0+1
                 	LD   R0,Z+
                 	LD   R1,Z+
                 	LD   R22,Z
                 	MOVW R30,R0
                 	.ENDM
                 
                 	.MACRO __NBST
                 	BST  R@0,@1
                 	IN   R30,SREG
                 	LDI  R31,0x40
                 	EOR  R30,R31
                 	OUT  SREG,R30
                 	.ENDM
                 
                 
                 	.MACRO __PUTB1SN
                 	LDD  R26,Y+@0
                 	LDD  R27,Y+@0+1
                 	SUBI R26,LOW(-@1)
                 	SBCI R27,HIGH(-@1)
                 	ST   X,R30
                 	.ENDM
                 
                 	.MACRO __PUTW1SN
                 	LDD  R26,Y+@0
                 	LDD  R27,Y+@0+1
                 	SUBI R26,LOW(-@1)
                 	SBCI R27,HIGH(-@1)
                 	ST   X+,R30
                 	ST   X,R31
                 	.ENDM
                 
                 	.MACRO __PUTD1SN
                 	LDD  R26,Y+@0
                 	LDD  R27,Y+@0+1
                 	SUBI R26,LOW(-@1)
                 	SBCI R27,HIGH(-@1)
                 	CALL __PUTDP1
                 	.ENDM
                 
                 	.MACRO __PUTB1SNS
                 	LDD  R26,Y+@0
                 	LDD  R27,Y+@0+1
                 	ADIW R26,@1
                 	ST   X,R30
                 	.ENDM
                 
                 	.MACRO __PUTW1SNS
                 	LDD  R26,Y+@0
                 	LDD  R27,Y+@0+1
                 	ADIW R26,@1
                 	ST   X+,R30
                 	ST   X,R31
                 	.ENDM
                 
                 	.MACRO __PUTD1SNS
                 	LDD  R26,Y+@0
                 	LDD  R27,Y+@0+1
                 	ADIW R26,@1
                 	CALL __PUTDP1
                 	.ENDM
                 
                 	.MACRO __PUTB1PMN
                 	LDS  R26,@0
                 	LDS  R27,@0+1
                 	SUBI R26,LOW(-@1)
                 	SBCI R27,HIGH(-@1)
                 	ST   X,R30
                 	.ENDM
                 
                 	.MACRO __PUTW1PMN
                 	LDS  R26,@0
                 	LDS  R27,@0+1
                 	SUBI R26,LOW(-@1)
                 	SBCI R27,HIGH(-@1)
                 	ST   X+,R30
                 	ST   X,R31
                 	.ENDM
                 
                 	.MACRO __PUTD1PMN
                 	LDS  R26,@0
                 	LDS  R27,@0+1
                 	SUBI R26,LOW(-@1)
                 	SBCI R27,HIGH(-@1)
                 	CALL __PUTDP1
                 	.ENDM
                 
                 	.MACRO __PUTB1PMNS
                 	LDS  R26,@0
                 	LDS  R27,@0+1
                 	ADIW R26,@1
                 	ST   X,R30
                 	.ENDM
                 
                 	.MACRO __PUTW1PMNS
                 	LDS  R26,@0
                 	LDS  R27,@0+1
                 	ADIW R26,@1
                 	ST   X+,R30
                 	ST   X,R31
                 	.ENDM
                 
                 	.MACRO __PUTD1PMNS
                 	LDS  R26,@0
                 	LDS  R27,@0+1
                 	ADIW R26,@1
                 	CALL __PUTDP1
                 	.ENDM
                 
                 	.MACRO __PUTB1RN
                 	MOVW R26,R@0
                 	SUBI R26,LOW(-@1)
                 	SBCI R27,HIGH(-@1)
                 	ST   X,R30
                 	.ENDM
                 
                 	.MACRO __PUTW1RN
                 	MOVW R26,R@0
                 	SUBI R26,LOW(-@1)
                 	SBCI R27,HIGH(-@1)
                 	ST   X+,R30
                 	ST   X,R31
                 	.ENDM
                 
                 	.MACRO __PUTD1RN
                 	MOVW R26,R@0
                 	SUBI R26,LOW(-@1)
                 	SBCI R27,HIGH(-@1)
                 	CALL __PUTDP1
                 	.ENDM
                 
                 	.MACRO __PUTB1RNS
                 	MOVW R26,R@0
                 	ADIW R26,@1
                 	ST   X,R30
                 	.ENDM
                 
                 	.MACRO __PUTW1RNS
                 	MOVW R26,R@0
                 	ADIW R26,@1
                 	ST   X+,R30
                 	ST   X,R31
                 	.ENDM
                 
                 	.MACRO __PUTD1RNS
                 	MOVW R26,R@0
                 	ADIW R26,@1
                 	CALL __PUTDP1
                 	.ENDM
                 
                 	.MACRO __PUTB1RON
                 	MOV  R26,R@0
                 	MOV  R27,R@1
                 	SUBI R26,LOW(-@2)
                 	SBCI R27,HIGH(-@2)
                 	ST   X,R30
                 	.ENDM
                 
                 	.MACRO __PUTW1RON
                 	MOV  R26,R@0
                 	MOV  R27,R@1
                 	SUBI R26,LOW(-@2)
                 	SBCI R27,HIGH(-@2)
                 	ST   X+,R30
                 	ST   X,R31
                 	.ENDM
                 
                 	.MACRO __PUTD1RON
                 	MOV  R26,R@0
                 	MOV  R27,R@1
                 	SUBI R26,LOW(-@2)
                 	SBCI R27,HIGH(-@2)
                 	CALL __PUTDP1
                 	.ENDM
                 
                 	.MACRO __PUTB1RONS
                 	MOV  R26,R@0
                 	MOV  R27,R@1
                 	ADIW R26,@2
                 	ST   X,R30
                 	.ENDM
                 
                 	.MACRO __PUTW1RONS
                 	MOV  R26,R@0
                 	MOV  R27,R@1
                 	ADIW R26,@2
                 	ST   X+,R30
                 	ST   X,R31
                 	.ENDM
                 
                 	.MACRO __PUTD1RONS
                 	MOV  R26,R@0
                 	MOV  R27,R@1
                 	ADIW R26,@2
                 	CALL __PUTDP1
                 	.ENDM
                 
                 
                 	.MACRO __GETB1SX
                 	MOVW R30,R28
                 	SUBI R30,LOW(-@0)
                 	SBCI R31,HIGH(-@0)
                 	LD   R30,Z
                 	.ENDM
                 
                 	.MACRO __GETB1HSX
                 	MOVW R30,R28
                 	SUBI R30,LOW(-@0)
                 	SBCI R31,HIGH(-@0)
                 	LD   R31,Z
                 	.ENDM
                 
                 	.MACRO __GETW1SX
                 	MOVW R30,R28
                 	SUBI R30,LOW(-@0)
                 	SBCI R31,HIGH(-@0)
                 	LD   R0,Z+
                 	LD   R31,Z
                 	MOV  R30,R0
                 	.ENDM
                 
                 	.MACRO __GETD1SX
                 	MOVW R30,R28
                 	SUBI R30,LOW(-@0)
                 	SBCI R31,HIGH(-@0)
                 	LD   R0,Z+
                 	LD   R1,Z+
                 	LD   R22,Z+
                 	LD   R23,Z
                 	MOVW R30,R0
                 	.ENDM
                 
                 	.MACRO __GETB2SX
                 	MOVW R26,R28
                 	SUBI R26,LOW(-@0)
                 	SBCI R27,HIGH(-@0)
                 	LD   R26,X
                 	.ENDM
                 
                 	.MACRO __GETW2SX
                 	MOVW R26,R28
                 	SUBI R26,LOW(-@0)
                 	SBCI R27,HIGH(-@0)
                 	LD   R0,X+
                 	LD   R27,X
                 	MOV  R26,R0
                 	.ENDM
                 
                 	.MACRO __GETD2SX
                 	MOVW R26,R28
                 	SUBI R26,LOW(-@0)
                 	SBCI R27,HIGH(-@0)
                 	LD   R0,X+
                 	LD   R1,X+
                 	LD   R24,X+
                 	LD   R25,X
                 	MOVW R26,R0
                 	.ENDM
                 
                 	.MACRO __GETBRSX
                 	MOVW R30,R28
                 	SUBI R30,LOW(-@1)
                 	SBCI R31,HIGH(-@1)
                 	LD   R@0,Z
                 	.ENDM
                 
                 	.MACRO __GETWRSX
                 	MOVW R30,R28
                 	SUBI R30,LOW(-@2)
                 	SBCI R31,HIGH(-@2)
                 	LD   R@0,Z+
                 	LD   R@1,Z
                 	.ENDM
                 
                 	.MACRO __GETBRSX2
                 	MOVW R26,R28
                 	SUBI R26,LOW(-@1)
                 	SBCI R27,HIGH(-@1)
                 	LD   R@0,X
                 	.ENDM
                 
                 	.MACRO __GETWRSX2
                 	MOVW R26,R28
                 	SUBI R26,LOW(-@2)
                 	SBCI R27,HIGH(-@2)
                 	LD   R@0,X+
                 	LD   R@1,X
                 	.ENDM
                 
                 	.MACRO __LSLW8SX
                 	MOVW R30,R28
                 	SUBI R30,LOW(-@0)
                 	SBCI R31,HIGH(-@0)
                 	LD   R31,Z
                 	CLR  R30
                 	.ENDM
                 
                 	.MACRO __PUTB1SX
                 	MOVW R26,R28
                 	SUBI R26,LOW(-@0)
                 	SBCI R27,HIGH(-@0)
                 	ST   X,R30
                 	.ENDM
                 
                 	.MACRO __PUTW1SX
                 	MOVW R26,R28
                 	SUBI R26,LOW(-@0)
                 	SBCI R27,HIGH(-@0)
                 	ST   X+,R30
                 	ST   X,R31
                 	.ENDM
                 
                 	.MACRO __PUTD1SX
                 	MOVW R26,R28
                 	SUBI R26,LOW(-@0)
                 	SBCI R27,HIGH(-@0)
                 	ST   X+,R30
                 	ST   X+,R31
                 	ST   X+,R22
                 	ST   X,R23
                 	.ENDM
                 
                 	.MACRO __CLRW1SX
                 	MOVW R26,R28
                 	SUBI R26,LOW(-@0)
                 	SBCI R27,HIGH(-@0)
                 	ST   X+,R30
                 	ST   X,R30
                 	.ENDM
                 
                 	.MACRO __CLRD1SX
                 	MOVW R26,R28
                 	SUBI R26,LOW(-@0)
                 	SBCI R27,HIGH(-@0)
                 	ST   X+,R30
                 	ST   X+,R30
                 	ST   X+,R30
                 	ST   X,R30
                 	.ENDM
                 
                 	.MACRO __PUTB2SX
                 	MOVW R30,R28
                 	SUBI R30,LOW(-@0)
                 	SBCI R31,HIGH(-@0)
                 	ST   Z,R26
                 	.ENDM
                 
                 	.MACRO __PUTW2SX
                 	MOVW R30,R28
                 	SUBI R30,LOW(-@0)
                 	SBCI R31,HIGH(-@0)
                 	ST   Z+,R26
                 	ST   Z,R27
                 	.ENDM
                 
                 	.MACRO __PUTD2SX
                 	MOVW R30,R28
                 	SUBI R30,LOW(-@0)
                 	SBCI R31,HIGH(-@0)
                 	ST   Z+,R26
                 	ST   Z+,R27
                 	ST   Z+,R24
                 	ST   Z,R25
                 	.ENDM
                 
                 	.MACRO __PUTBSRX
                 	MOVW R30,R28
                 	SUBI R30,LOW(-@1)
                 	SBCI R31,HIGH(-@1)
                 	ST   Z,R@0
                 	.ENDM
                 
                 	.MACRO __PUTWSRX
                 	MOVW R30,R28
                 	SUBI R30,LOW(-@2)
                 	SBCI R31,HIGH(-@2)
                 	ST   Z+,R@0
                 	ST   Z,R@1
                 	.ENDM
                 
                 	.MACRO __PUTB1SNX
                 	MOVW R26,R28
                 	SUBI R26,LOW(-@0)
                 	SBCI R27,HIGH(-@0)
                 	LD   R0,X+
                 	LD   R27,X
                 	MOV  R26,R0
                 	SUBI R26,LOW(-@1)
                 	SBCI R27,HIGH(-@1)
                 	ST   X,R30
                 	.ENDM
                 
                 	.MACRO __PUTW1SNX
                 	MOVW R26,R28
                 	SUBI R26,LOW(-@0)
                 	SBCI R27,HIGH(-@0)
                 	LD   R0,X+
                 	LD   R27,X
                 	MOV  R26,R0
                 	SUBI R26,LOW(-@1)
                 	SBCI R27,HIGH(-@1)
                 	ST   X+,R30
                 	ST   X,R31
                 	.ENDM
                 
                 	.MACRO __PUTD1SNX
                 	MOVW R26,R28
                 	SUBI R26,LOW(-@0)
                 	SBCI R27,HIGH(-@0)
                 	LD   R0,X+
                 	LD   R27,X
                 	MOV  R26,R0
                 	SUBI R26,LOW(-@1)
                 	SBCI R27,HIGH(-@1)
                 	ST   X+,R30
                 	ST   X+,R31
                 	ST   X+,R22
                 	ST   X,R23
                 	.ENDM
                 
                 	.MACRO __MULBRR
                 	MULS R@0,R@1
                 	MOVW R30,R0
                 	.ENDM
                 
                 	.MACRO __MULBRRU
                 	MUL  R@0,R@1
                 	MOVW R30,R0
                 	.ENDM
                 
                 	.MACRO __MULBRR0
                 	MULS R@0,R@1
                 	.ENDM
                 
                 	.MACRO __MULBRRU0
                 	MUL  R@0,R@1
                 	.ENDM
                 
                 	.MACRO __MULBNWRU
                 	LDI  R26,@2
                 	MUL  R26,R@0
                 	MOVW R30,R0
                 	MUL  R26,R@1
                 	ADD  R31,R0
                 	.ENDM
                 
                 ;NAME DEFINITIONS FOR GLOBAL VARIABLES ALLOCATED TO REGISTERS
                 	.DEF __lcd_x=R5
                 	.DEF __lcd_y=R4
                 	.DEF __lcd_maxx=R7
                 
                 	.CSEG
                 	.ORG 0x00
                 
                 ;START OF CODE MARKER
                 __START_OF_CODE:
                 
                 ;INTERRUPT VECTORS
000000 940c 0045 	JMP  __RESET
000002 940c 0072 	JMP  _ext_int0_isr
000004 940c 0000 	JMP  0x00
000006 940c 0000 	JMP  0x00
000008 940c 0000 	JMP  0x00
00000a 940c 0000 	JMP  0x00
00000c 940c 0000 	JMP  0x00
00000e 940c 007d 	JMP  _timer1_compa_isr
000010 940c 0000 	JMP  0x00
000012 940c 0000 	JMP  0x00
000014 940c 0000 	JMP  0x00
000016 940c 0000 	JMP  0x00
000018 940c 0000 	JMP  0x00
00001a 940c 0000 	JMP  0x00
00001c 940c 0000 	JMP  0x00
00001e 940c 0000 	JMP  0x00
000020 940c 0000 	JMP  0x00
000022 940c 0000 	JMP  0x00
000024 940c 0000 	JMP  0x00
000026 940c 0000 	JMP  0x00
000028 940c 0000 	JMP  0x00
                 
                 _tbl10_G101:
00002a 2710
00002b 03e8
00002c 0064
00002d 000a      	.DB  0x10,0x27,0xE8,0x3,0x64,0x0,0xA,0x0
00002e 0001      	.DB  0x1,0x0
                 _tbl16_G101:
00002f 1000
000030 0100
000031 0010
000032 0001      	.DB  0x0,0x10,0x0,0x1,0x10,0x0,0x1,0x0
                 
                 ;REGISTER BIT VARIABLES INITIALIZATION
                 __REG_BIT_VARS:
000033 0001      	.DW  0x0001
                 
                 _0x0:
000034 6954
000035 656d
000036 3072
000037 5620      	.DB  0x54,0x69,0x6D,0x65,0x72,0x30,0x20,0x56
000038 6c61
000039 6575
00003a 203a
00003b 6425      	.DB  0x61,0x6C,0x75,0x65,0x3A,0x20,0x25,0x64
C:\Users\A\Desktop\micro\3\part5\Debug\List\A2.asm(1134): warning: .cseg .db misalignment - padding zero byte
00003c 0000      	.DB  0x0
                 _0x2000003:
00003d c080      	.DB  0x80,0xC0
                 
                 __GLOBAL_INI_TBL:
00003e 0001      	.DW  0x01
00003f 0002      	.DW  0x02
000040 0066      	.DW  __REG_BIT_VARS*2
                 
000041 0002      	.DW  0x02
000042 0260      	.DW  __base_y_G100
000043 007a      	.DW  _0x2000003*2
                 
                 _0xFFFFFFFF:
000044 0000      	.DW  0
                 
                 #define __GLOBAL_INI_TBL_PRESENT 1
                 
                 __RESET:
000045 94f8      	CLI
000046 27ee      	CLR  R30
000047 bbec      	OUT  EECR,R30
                 
                 ;INTERRUPT VECTORS ARE PLACED
                 ;AT THE START OF FLASH
000048 e0f1      	LDI  R31,1
000049 bffb      	OUT  GICR,R31
00004a bfeb      	OUT  GICR,R30
00004b bfe5      	OUT  MCUCR,R30
                 
                 ;CLEAR R2-R14
00004c e08d      	LDI  R24,(14-2)+1
00004d e0a2      	LDI  R26,2
00004e 27bb      	CLR  R27
                 __CLEAR_REG:
00004f 93ed      	ST   X+,R30
000050 958a      	DEC  R24
000051 f7e9      	BRNE __CLEAR_REG
                 
                 ;CLEAR SRAM
000052 e080      	LDI  R24,LOW(__CLEAR_SRAM_SIZE)
000053 e098      	LDI  R25,HIGH(__CLEAR_SRAM_SIZE)
000054 e6a0      	LDI  R26,__SRAM_START
                 __CLEAR_SRAM:
000055 93ed      	ST   X+,R30
000056 9701      	SBIW R24,1
000057 f7e9      	BRNE __CLEAR_SRAM
                 
                 ;GLOBAL VARIABLES INITIALIZATION
000058 e7ec      	LDI  R30,LOW(__GLOBAL_INI_TBL*2)
000059 e0f0      	LDI  R31,HIGH(__GLOBAL_INI_TBL*2)
                 __GLOBAL_INI_NEXT:
00005a 9185      	LPM  R24,Z+
00005b 9195      	LPM  R25,Z+
00005c 9700      	SBIW R24,0
00005d f061      	BREQ __GLOBAL_INI_END
00005e 91a5      	LPM  R26,Z+
00005f 91b5      	LPM  R27,Z+
000060 9005      	LPM  R0,Z+
000061 9015      	LPM  R1,Z+
000062 01bf      	MOVW R22,R30
000063 01f0      	MOVW R30,R0
                 __GLOBAL_INI_LOOP:
000064 9005      	LPM  R0,Z+
000065 920d      	ST   X+,R0
000066 9701      	SBIW R24,1
000067 f7e1      	BRNE __GLOBAL_INI_LOOP
000068 01fb      	MOVW R30,R22
000069 cff0      	RJMP __GLOBAL_INI_NEXT
                 __GLOBAL_INI_END:
                 
                 ;HARDWARE STACK POINTER INITIALIZATION
00006a e5ef      	LDI  R30,LOW(__SRAM_END-__HEAP_SIZE)
00006b bfed      	OUT  SPL,R30
00006c e0e8      	LDI  R30,HIGH(__SRAM_END-__HEAP_SIZE)
00006d bfee      	OUT  SPH,R30
                 
                 ;DATA STACK POINTER INITIALIZATION
00006e e6c0      	LDI  R28,LOW(__SRAM_START+__DSTACK_SIZE)
00006f e0d2      	LDI  R29,HIGH(__SRAM_START+__DSTACK_SIZE)
                 
000070 940c 008a 	JMP  _main
                 
                 	.ESEG
                 	.ORG 0
                 
                 	.DSEG
                 	.ORG 0x260
                 
                 	.CSEG
                 ;#include <mega32.h>
                 	#ifndef __SLEEP_DEFINED__
                 	#define __SLEEP_DEFINED__
                 	.EQU __se_bit=0x80
                 	.EQU __sm_mask=0x70
                 	.EQU __sm_powerdown=0x20
                 	.EQU __sm_powersave=0x30
                 	.EQU __sm_standby=0x60
                 	.EQU __sm_ext_standby=0x70
                 	.EQU __sm_adc_noise_red=0x10
                 	.SET power_ctrl_reg=mcucr
                 	#endif
                 ;#include <lcd.h>
                 ;#include <delay.h>
                 ;#include <stdio.h>
                 ;#asm
                      .equ __lcd_port=0x1B ;PORTA
                 ; 0000 0007 #endasm
                 ;bit pulse_enable=1;
                 ; // External Interrupt 0 service routine
                 ;interrupt [EXT_INT0] void ext_int0_isr(void)
                 ; 0000 000B {
                 
                 	.CSEG
                 _ext_int0_isr:
                 ; .FSTART _ext_int0_isr
000072 93ea      	ST   -Y,R30
000073 b7ef      	IN   R30,SREG
                 ; 0000 000C   // Place your code here
                 ; 0000 000D    if(pulse_enable==1)pulse_enable=0;
000074 fe20      	SBRS R2,0
000075 c002      	RJMP _0x3
000076 94e8      	CLT
000077 c001      	RJMP _0x13
                 ; 0000 000E    else pulse_enable=1;
                 _0x3:
000078 9468      	SET
                 _0x13:
000079 f820      	BLD  R2,0
                 ; 0000 000F }
00007a bfef      	OUT  SREG,R30
00007b 91e9      	LD   R30,Y+
00007c 9518      	RETI
                 ; .FEND
                 ; // Timer1 output compare A interrupt service routine
                 ; interrupt [TIM1_COMPA] void timer1_compa_isr(void)
                 ; 0000 0012  {
                 _timer1_compa_isr:
                 ; .FSTART _timer1_compa_isr
00007d 93ea      	ST   -Y,R30
                 ; 0000 0013      if(!pulse_enable){
00007e fc20      	SBRC R2,0
00007f c003      	RJMP _0x5
                 ; 0000 0014                        DDRB=0x04;
000080 e0e4      	LDI  R30,LOW(4)
000081 bbe7      	OUT  0x17,R30
                 ; 0000 0015                        PORTB.2=1;
000082 c004      	RJMP _0x14
                 ; 0000 0016                        }
                 ; 0000 0017      else{
                 _0x5:
                 ; 0000 0018         if (PORTB.2==1)PORTB.2=0;
000083 9bc2      	SBIS 0x18,2
000084 c002      	RJMP _0x9
000085 98c2      	CBI  0x18,2
                 ; 0000 0019         else PORTB.2=1;
000086 c001      	RJMP _0xC
                 _0x9:
                 _0x14:
000087 9ac2      	SBI  0x18,2
                 ; 0000 001A         }
                 _0xC:
                 ; 0000 001B  }
000088 91e9      	LD   R30,Y+
000089 9518      	RETI
                 ; .FEND
                 ;
                 ;void main(void)
                 ; 0000 001E {
                 _main:
                 ; .FSTART _main
                 ; 0000 001F char lcd_buffer[16];
                 ; 0000 0020 unsigned char timer0;
                 ; 0000 0021  // Input/Output Ports initialization
                 ; 0000 0022  // Port B initialization
                 ; 0000 0023  PORTB=0x00;
00008a 9760      	SBIW R28,16
                 ;	lcd_buffer -> Y+0
                 ;	timer0 -> R17
00008b e0e0      	LDI  R30,LOW(0)
00008c bbe8      	OUT  0x18,R30
                 ; 0000 0024  DDRB=0x04;
00008d e0e4      	LDI  R30,LOW(4)
00008e bbe7      	OUT  0x17,R30
                 ; 0000 0025  // Timer/Counter 0 initialization
                 ; 0000 0026  // Clock source: T0 pin Falling Edge
                 ; 0000 0027  // Mode: Normal top=0xFF
                 ; 0000 0028  // OC0 output: Disconnected
                 ; 0000 0029  TCCR0=0xFF;
00008f efef      	LDI  R30,LOW(255)
000090 bfe3      	OUT  0x33,R30
                 ; 0000 002A  TCNT0=0x00;
000091 e0e0      	LDI  R30,LOW(0)
000092 bfe2      	OUT  0x32,R30
                 ; 0000 002B  OCR0=0x00;
000093 bfec      	OUT  0x3C,R30
                 ; 0000 002C  // Timer/Counter 1 initialization
                 ; 0000 002D  // Clock source: System Clock
                 ; 0000 002E  // Clock value: 1000.000 kHz
                 ; 0000 002F  // Mode: Normal top=0xFFFF
                 ; 0000 0030  // OC1A output: Discon.
                 ; 0000 0031  // OC1B output: Discon.
                 ; 0000 0032  // Noise Canceler: Off
                 ; 0000 0033  // Input Capture on Falling Edge
                 ; 0000 0034  // Timer1 Overflow Interrupt: Off
                 ; 0000 0035  // Input Capture Interrupt: Off
                 ; 0000 0036  // Compare A Match Interrupt: On
                 ; 0000 0037  // Compare B Match Interrupt: Off
                 ; 0000 0038  TCCR1A=0x00;
000094 bdef      	OUT  0x2F,R30
                 ; 0000 0039  TCCR1B=0x01;
000095 e0e1      	LDI  R30,LOW(1)
000096 bdee      	OUT  0x2E,R30
                 ; 0000 003A  TCNT1H=0x00;
000097 e0e0      	LDI  R30,LOW(0)
000098 bded      	OUT  0x2D,R30
                 ; 0000 003B  TCNT1L=0x00;
000099 bdec      	OUT  0x2C,R30
                 ; 0000 003C  ICR1H=0x00;
00009a bde7      	OUT  0x27,R30
                 ; 0000 003D  ICR1L=0x00;
00009b bde6      	OUT  0x26,R30
                 ; 0000 003E  OCR1AH=0x01;
00009c e0e1      	LDI  R30,LOW(1)
00009d bdeb      	OUT  0x2B,R30
                 ; 0000 003F  OCR1AL=0xF3;
00009e efe3      	LDI  R30,LOW(243)
00009f bdea      	OUT  0x2A,R30
                 ; 0000 0040  OCR1BH=0x00;
0000a0 e0e0      	LDI  R30,LOW(0)
0000a1 bde9      	OUT  0x29,R30
                 ; 0000 0041  OCR1BL=0x00;
0000a2 bde8      	OUT  0x28,R30
                 ; 0000 0042  // External Interrupt(s) initialization
                 ; 0000 0043  // INT0: On
                 ; 0000 0044  // INT0 Mode: Falling Edge
                 ; 0000 0045  // INT1: Off
                 ; 0000 0046  // INT2: Off
                 ; 0000 0047  GICR|=0x40;
0000a3 b7eb      	IN   R30,0x3B
0000a4 64e0      	ORI  R30,0x40
0000a5 bfeb      	OUT  0x3B,R30
                 ; 0000 0048  MCUCR=0x02;
0000a6 e0e2      	LDI  R30,LOW(2)
0000a7 bfe5      	OUT  0x35,R30
                 ; 0000 0049  MCUCSR=0x00;
0000a8 e0e0      	LDI  R30,LOW(0)
0000a9 bfe4      	OUT  0x34,R30
                 ; 0000 004A  GIFR=0x40;
0000aa e4e0      	LDI  R30,LOW(64)
0000ab bfea      	OUT  0x3A,R30
                 ; 0000 004B  // Timer(s)/Counter(s) Interrupt(s) initialization
                 ; 0000 004C  TIMSK=0x10;
0000ac e1e0      	LDI  R30,LOW(16)
0000ad bfe9      	OUT  0x39,R30
                 ; 0000 004D  TWCR=0x00;
0000ae e0e0      	LDI  R30,LOW(0)
0000af bfe6      	OUT  0x36,R30
                 ; 0000 004E  lcd_init(16);
0000b0 e1a0      	LDI  R26,LOW(16)
0000b1 940e 0175 	CALL _lcd_init
                 ; 0000 004F  // Global enable interrupts
                 ; 0000 0050  #asm("sei")
0000b3 9478      	sei
                 ; 0000 0051  while (1)
                 _0xF:
                 ; 0000 0052  {
                 ; 0000 0053  // Place your code here
                 ; 0000 0054  timer0=TCNT0;
0000b4 b712      	IN   R17,50
                 ; 0000 0055  lcd_clear();
0000b5 940e 0126 	CALL _lcd_clear
                 ; 0000 0056  sprintf(lcd_buffer,"Timer0 Value: %d",timer0);
0000b7 01fe      	MOVW R30,R28
0000b8 93fa      	ST   -Y,R31
0000b9 93ea      	ST   -Y,R30
                +
0000ba e6e8     +LDI R30 , LOW ( 2 * _0x0 + ( 0 ) )
0000bb e0f0     +LDI R31 , HIGH ( 2 * _0x0 + ( 0 ) )
                 	__POINTW1FN _0x0,0
0000bc 93fa      	ST   -Y,R31
0000bd 93ea      	ST   -Y,R30
0000be 2fe1      	MOV  R30,R17
0000bf 27ff      	CLR  R31
0000c0 2766      	CLR  R22
0000c1 2777      	CLR  R23
0000c2 940e 03b8 	CALL __PUTPARD1
0000c4 e084      	LDI  R24,4
0000c5 940e 031c 	CALL _sprintf
0000c7 9628      	ADIW R28,8
                 ; 0000 0057  lcd_gotoxy(0,0);
0000c8 e0e0      	LDI  R30,LOW(0)
0000c9 93ea      	ST   -Y,R30
0000ca e0a0      	LDI  R26,LOW(0)
0000cb 940e 0116 	CALL _lcd_gotoxy
                 ; 0000 0058  lcd_puts(lcd_buffer);
0000cd 01de      	MOVW R26,R28
0000ce 940e 0153 	CALL _lcd_puts
                 ; 0000 0059  delay_ms(500);
0000d0 efa4      	LDI  R26,LOW(500)
0000d1 e0b1      	LDI  R27,HIGH(500)
0000d2 940e 039e 	CALL _delay_ms
                 ; 0000 005A  }
0000d4 cfdf      	RJMP _0xF
                 ; 0000 005B  }
                 _0x12:
0000d5 cfff      	RJMP _0x12
                 ; .FEND
                     .equ __lcd_direction=__lcd_port-1
                     .equ __lcd_pin=__lcd_port-2
                     .equ __lcd_rs=0
                     .equ __lcd_rd=1
                     .equ __lcd_enable=2
                     .equ __lcd_busy_flag=7
                 
                 	.DSEG
                 
                 	.CSEG
                 __lcd_delay_G100:
                 ; .FSTART __lcd_delay_G100
0000d6 e0ff          ldi   r31,15
                 __lcd_delay0:
0000d7 95fa          dec   r31
0000d8 f7f1          brne  __lcd_delay0
0000d9 9508      	RET
                 ; .FEND
                 __lcd_ready:
                 ; .FSTART __lcd_ready
0000da b3aa          in    r26,__lcd_direction
0000db 70af          andi  r26,0xf                 ;set as input
0000dc bbaa          out   __lcd_direction,r26
0000dd 9ad9          sbi   __lcd_port,__lcd_rd     ;RD=1
0000de 98d8          cbi   __lcd_port,__lcd_rs     ;RS=0
                 __lcd_busy:
0000df dff6      	RCALL __lcd_delay_G100
0000e0 9ada          sbi   __lcd_port,__lcd_enable ;EN=1
0000e1 dff4      	RCALL __lcd_delay_G100
0000e2 b3a9          in    r26,__lcd_pin
0000e3 98da          cbi   __lcd_port,__lcd_enable ;EN=0
0000e4 dff1      	RCALL __lcd_delay_G100
0000e5 9ada          sbi   __lcd_port,__lcd_enable ;EN=1
0000e6 dfef      	RCALL __lcd_delay_G100
0000e7 98da          cbi   __lcd_port,__lcd_enable ;EN=0
0000e8 fda7          sbrc  r26,__lcd_busy_flag
0000e9 cff5          rjmp  __lcd_busy
0000ea 9508      	RET
                 ; .FEND
                 __lcd_write_nibble_G100:
                 ; .FSTART __lcd_write_nibble_G100
0000eb 7fa0          andi  r26,0xf0
0000ec 2bab          or    r26,r27
0000ed bbab          out   __lcd_port,r26          ;write
0000ee 9ada          sbi   __lcd_port,__lcd_enable ;EN=1
0000ef 940e 00d6 	CALL __lcd_delay_G100
0000f1 98da          cbi   __lcd_port,__lcd_enable ;EN=0
0000f2 940e 00d6 	CALL __lcd_delay_G100
0000f4 9508      	RET
                 ; .FEND
                 __lcd_write_data:
                 ; .FSTART __lcd_write_data
0000f5 93aa      	ST   -Y,R26
0000f6 98d9          cbi  __lcd_port,__lcd_rd 	  ;RD=0
0000f7 b3aa          in    r26,__lcd_direction
0000f8 6fa7          ori   r26,0xf0 | (1<<__lcd_rs) | (1<<__lcd_rd) | (1<<__lcd_enable) ;set as output
0000f9 bbaa          out   __lcd_direction,r26
0000fa b3bb          in    r27,__lcd_port
0000fb 70bf          andi  r27,0xf
0000fc 81a8          ld    r26,y
0000fd dfed      	RCALL __lcd_write_nibble_G100
0000fe 81a8          ld    r26,y
0000ff 95a2          swap  r26
000100 dfea      	RCALL __lcd_write_nibble_G100
000101 9ad9          sbi   __lcd_port,__lcd_rd     ;RD=1
000102 940c 01a6 	JMP  _0x2080002
                 ; .FEND
                 __lcd_read_nibble_G100:
                 ; .FSTART __lcd_read_nibble_G100
000104 9ada          sbi   __lcd_port,__lcd_enable ;EN=1
000105 940e 00d6 	CALL __lcd_delay_G100
000107 b3e9          in    r30,__lcd_pin           ;read
000108 98da          cbi   __lcd_port,__lcd_enable ;EN=0
000109 940e 00d6 	CALL __lcd_delay_G100
00010b 7fe0          andi  r30,0xf0
00010c 9508      	RET
                 ; .FEND
                 _lcd_read_byte0_G100:
                 ; .FSTART _lcd_read_byte0_G100
00010d 940e 00d6 	CALL __lcd_delay_G100
00010f dff4      	RCALL __lcd_read_nibble_G100
000110 2fae          mov   r26,r30
000111 dff2      	RCALL __lcd_read_nibble_G100
000112 98d9          cbi   __lcd_port,__lcd_rd     ;RD=0
000113 95e2          swap  r30
000114 2bea          or    r30,r26
000115 9508      	RET
                 ; .FEND
                 _lcd_gotoxy:
                 ; .FSTART _lcd_gotoxy
000116 93aa      	ST   -Y,R26
000117 940e 00da 	CALL __lcd_ready
000119 81e8      	LD   R30,Y
00011a e0f0      	LDI  R31,0
00011b 5ae0      	SUBI R30,LOW(-__base_y_G100)
00011c 4ffd      	SBCI R31,HIGH(-__base_y_G100)
00011d 81e0      	LD   R30,Z
00011e 81a9      	LDD  R26,Y+1
00011f 0fae      	ADD  R26,R30
000120 940e 00f5 	CALL __lcd_write_data
000122 8059      	LDD  R5,Y+1
000123 8048      	LDD  R4,Y+0
000124 9622      	ADIW R28,2
000125 9508      	RET
                 ; .FEND
                 _lcd_clear:
                 ; .FSTART _lcd_clear
000126 940e 00da 	CALL __lcd_ready
000128 e0a2      	LDI  R26,LOW(2)
000129 940e 00f5 	CALL __lcd_write_data
00012b 940e 00da 	CALL __lcd_ready
00012d e0ac      	LDI  R26,LOW(12)
00012e 940e 00f5 	CALL __lcd_write_data
000130 940e 00da 	CALL __lcd_ready
000132 e0a1      	LDI  R26,LOW(1)
000133 940e 00f5 	CALL __lcd_write_data
000135 e0e0      	LDI  R30,LOW(0)
000136 2e4e      	MOV  R4,R30
000137 2e5e      	MOV  R5,R30
000138 9508      	RET
                 ; .FEND
                 _lcd_putchar:
                 ; .FSTART _lcd_putchar
000139 93aa      	ST   -Y,R26
00013a 93ef          push r30
00013b 93ff          push r31
00013c 81a8          ld   r26,y
00013d 9468          set
00013e 30aa          cpi  r26,10
00013f f019          breq __lcd_putchar1
000140 94e8          clt
000141 1457      	CP   R5,R7
000142 f030      	BRLO _0x2000004
                 	__lcd_putchar1:
000143 9443      	INC  R4
000144 e0e0      	LDI  R30,LOW(0)
000145 93ea      	ST   -Y,R30
000146 2da4      	MOV  R26,R4
000147 dfce      	RCALL _lcd_gotoxy
000148 f036      	brts __lcd_putchar0
                 _0x2000004:
000149 9453      	INC  R5
00014a df8f          rcall __lcd_ready
00014b 9ad8          sbi  __lcd_port,__lcd_rs ;RS=1
00014c 81a8      	LD   R26,Y
00014d 940e 00f5 	CALL __lcd_write_data
                 __lcd_putchar0:
00014f 91ff          pop  r31
000150 91ef          pop  r30
000151 940c 01a6 	JMP  _0x2080002
                 ; .FEND
                 _lcd_puts:
                 ; .FSTART _lcd_puts
000153 93ba      	ST   -Y,R27
000154 93aa      	ST   -Y,R26
000155 931a      	ST   -Y,R17
                 _0x2000005:
000156 81a9      	LDD  R26,Y+1
000157 81ba      	LDD  R27,Y+1+1
000158 91ed      	LD   R30,X+
000159 83a9      	STD  Y+1,R26
00015a 83ba      	STD  Y+1+1,R27
00015b 2f1e      	MOV  R17,R30
00015c 30e0      	CPI  R30,0
00015d f019      	BREQ _0x2000007
00015e 2fa1      	MOV  R26,R17
00015f dfd9      	RCALL _lcd_putchar
000160 cff5      	RJMP _0x2000005
                 _0x2000007:
000161 8118      	LDD  R17,Y+0
000162 9623      	ADIW R28,3
000163 9508      	RET
                 ; .FEND
                 __long_delay_G100:
                 ; .FSTART __long_delay_G100
000164 27aa          clr   r26
000165 27bb          clr   r27
                 __long_delay0:
000166 9711          sbiw  r26,1         ;2 cycles
000167 f7f1          brne  __long_delay0 ;2 cycles
000168 9508      	RET
                 ; .FEND
                 __lcd_init_write_G100:
                 ; .FSTART __lcd_init_write_G100
000169 93aa      	ST   -Y,R26
00016a 98d9          cbi  __lcd_port,__lcd_rd 	  ;RD=0
00016b b3aa          in    r26,__lcd_direction
00016c 6fa7          ori   r26,0xf7                ;set as output
00016d bbaa          out   __lcd_direction,r26
00016e b3bb          in    r27,__lcd_port
00016f 70bf          andi  r27,0xf
000170 81a8          ld    r26,y
000171 940e 00eb 	CALL __lcd_write_nibble_G100
000173 9ad9          sbi   __lcd_port,__lcd_rd     ;RD=1
000174 c031      	RJMP _0x2080002
                 ; .FEND
                 _lcd_init:
                 ; .FSTART _lcd_init
000175 93aa      	ST   -Y,R26
000176 98da          cbi   __lcd_port,__lcd_enable ;EN=0
000177 98d8          cbi   __lcd_port,__lcd_rs     ;RS=0
000178 8078      	LDD  R7,Y+0
000179 81e8      	LD   R30,Y
00017a 58e0      	SUBI R30,-LOW(128)
                +
00017b 93e0 0262+STS __base_y_G100 + ( 2 ) , R30
                 	__PUTB1MN __base_y_G100,2
00017d 81e8      	LD   R30,Y
00017e 54e0      	SUBI R30,-LOW(192)
                +
00017f 93e0 0263+STS __base_y_G100 + ( 3 ) , R30
                 	__PUTB1MN __base_y_G100,3
000181 940e 0369 	CALL SUBOPT_0x0
000183 940e 0369 	CALL SUBOPT_0x0
000185 940e 0369 	CALL SUBOPT_0x0
000187 dfdc      	RCALL __long_delay_G100
000188 e2a0      	LDI  R26,LOW(32)
000189 dfdf      	RCALL __lcd_init_write_G100
00018a dfd9      	RCALL __long_delay_G100
00018b e2a8      	LDI  R26,LOW(40)
00018c 940e 036e 	CALL SUBOPT_0x1
00018e e0a4      	LDI  R26,LOW(4)
00018f 940e 036e 	CALL SUBOPT_0x1
000191 e8a5      	LDI  R26,LOW(133)
000192 940e 036e 	CALL SUBOPT_0x1
000194 b3aa          in    r26,__lcd_direction
000195 70af          andi  r26,0xf                 ;set as input
000196 bbaa          out   __lcd_direction,r26
000197 9ad9          sbi   __lcd_port,__lcd_rd     ;RD=1
000198 940e 010d 	CALL _lcd_read_byte0_G100
00019a 30e5      	CPI  R30,LOW(0x5)
00019b f011      	BREQ _0x200000B
00019c e0e0      	LDI  R30,LOW(0)
00019d c008      	RJMP _0x2080002
                 _0x200000B:
00019e 940e 00da 	CALL __lcd_ready
0001a0 e0a6      	LDI  R26,LOW(6)
0001a1 940e 00f5 	CALL __lcd_write_data
0001a3 940e 0126 	CALL _lcd_clear
0001a5 e0e1      	LDI  R30,LOW(1)
                 _0x2080002:
0001a6 9621      	ADIW R28,1
0001a7 9508      	RET
                 ; .FEND
                 	#ifndef __SLEEP_DEFINED__
                 	#endif
                 
                 	.CSEG
                 _put_buff_G101:
                 ; .FSTART _put_buff_G101
0001a8 93ba      	ST   -Y,R27
0001a9 93aa      	ST   -Y,R26
0001aa 931a      	ST   -Y,R17
0001ab 930a      	ST   -Y,R16
0001ac 81aa      	LDD  R26,Y+2
0001ad 81bb      	LDD  R27,Y+2+1
0001ae 9612      	ADIW R26,2
0001af 940e 03b0 	CALL __GETW1P
0001b1 9730      	SBIW R30,0
0001b2 f159      	BREQ _0x2020010
0001b3 81aa      	LDD  R26,Y+2
0001b4 81bb      	LDD  R27,Y+2+1
0001b5 9614      	ADIW R26,4
0001b6 940e 03b0 	CALL __GETW1P
0001b8 018f      	MOVW R16,R30
0001b9 9730      	SBIW R30,0
0001ba f061      	BREQ _0x2020012
                +
0001bb 3002     +CPI R16 , LOW ( 2 )
0001bc e0e0     +LDI R30 , HIGH ( 2 )
0001bd 071e     +CPC R17 , R30
                 	__CPWRN 16,17,2
0001be f098      	BRLO _0x2020013
0001bf 01f8      	MOVW R30,R16
0001c0 9731      	SBIW R30,1
0001c1 018f      	MOVW R16,R30
                +
0001c2 81aa     +LDD R26 , Y + 2
0001c3 81bb     +LDD R27 , Y + 2 + 1
0001c4 9614     +ADIW R26 , 4
0001c5 93ed     +ST X + , R30
0001c6 93fc     +ST X , R31
                 	__PUTW1SNS 2,4
                 _0x2020012:
0001c7 81aa      	LDD  R26,Y+2
0001c8 81bb      	LDD  R27,Y+2+1
0001c9 9612      	ADIW R26,2
0001ca 91ed      	LD   R30,X+
0001cb 91fd      	LD   R31,X+
0001cc 9631      	ADIW R30,1
0001cd 93fe      	ST   -X,R31
0001ce 93ee      	ST   -X,R30
0001cf 9731      	SBIW R30,1
0001d0 81ac      	LDD  R26,Y+4
0001d1 83a0      	STD  Z+0,R26
                 _0x2020013:
0001d2 81aa      	LDD  R26,Y+2
0001d3 81bb      	LDD  R27,Y+2+1
0001d4 940e 03b0 	CALL __GETW1P
0001d6 23ff      	TST  R31
0001d7 f02a      	BRMI _0x2020014
0001d8 91ed      	LD   R30,X+
0001d9 91fd      	LD   R31,X+
0001da 9631      	ADIW R30,1
0001db 93fe      	ST   -X,R31
0001dc 93ee      	ST   -X,R30
                 _0x2020014:
0001dd c006      	RJMP _0x2020015
                 _0x2020010:
0001de 81aa      	LDD  R26,Y+2
0001df 81bb      	LDD  R27,Y+2+1
0001e0 efef      	LDI  R30,LOW(65535)
0001e1 efff      	LDI  R31,HIGH(65535)
0001e2 93ed      	ST   X+,R30
0001e3 93fc      	ST   X,R31
                 _0x2020015:
0001e4 8119      	LDD  R17,Y+1
0001e5 8108      	LDD  R16,Y+0
0001e6 9625      	ADIW R28,5
0001e7 9508      	RET
                 ; .FEND
                 __print_G101:
                 ; .FSTART __print_G101
0001e8 93ba      	ST   -Y,R27
0001e9 93aa      	ST   -Y,R26
0001ea 9726      	SBIW R28,6
0001eb 940e 03bd 	CALL __SAVELOCR6
0001ed e010      	LDI  R17,0
0001ee 85ac      	LDD  R26,Y+12
0001ef 85bd      	LDD  R27,Y+12+1
0001f0 e0e0      	LDI  R30,LOW(0)
0001f1 e0f0      	LDI  R31,HIGH(0)
0001f2 93ed      	ST   X+,R30
0001f3 93fc      	ST   X,R31
                 _0x2020016:
0001f4 89ea      	LDD  R30,Y+18
0001f5 89fb      	LDD  R31,Y+18+1
0001f6 9631      	ADIW R30,1
0001f7 8bea      	STD  Y+18,R30
0001f8 8bfb      	STD  Y+18+1,R31
0001f9 9731      	SBIW R30,1
0001fa 91e4      	LPM  R30,Z
0001fb 2f2e      	MOV  R18,R30
0001fc 30e0      	CPI  R30,0
0001fd f409      	BRNE PC+2
0001fe c115      	RJMP _0x2020018
0001ff 2fe1      	MOV  R30,R17
000200 30e0      	CPI  R30,0
000201 f439      	BRNE _0x202001C
000202 3225      	CPI  R18,37
000203 f411      	BRNE _0x202001D
000204 e011      	LDI  R17,LOW(1)
000205 c002      	RJMP _0x202001E
                 _0x202001D:
000206 940e 0372 	CALL SUBOPT_0x2
                 _0x202001E:
000208 c10a      	RJMP _0x202001B
                 _0x202001C:
000209 30e1      	CPI  R30,LOW(0x1)
00020a f4a9      	BRNE _0x202001F
00020b 3225      	CPI  R18,37
00020c f419      	BRNE _0x2020020
00020d 940e 0372 	CALL SUBOPT_0x2
00020f c102      	RJMP _0x20200CC
                 _0x2020020:
000210 e012      	LDI  R17,LOW(2)
000211 e040      	LDI  R20,LOW(0)
000212 e000      	LDI  R16,LOW(0)
000213 322d      	CPI  R18,45
000214 f411      	BRNE _0x2020021
000215 e001      	LDI  R16,LOW(1)
000216 c0fc      	RJMP _0x202001B
                 _0x2020021:
000217 322b      	CPI  R18,43
000218 f411      	BRNE _0x2020022
000219 e24b      	LDI  R20,LOW(43)
00021a c0f8      	RJMP _0x202001B
                 _0x2020022:
00021b 3220      	CPI  R18,32
00021c f411      	BRNE _0x2020023
00021d e240      	LDI  R20,LOW(32)
00021e c0f4      	RJMP _0x202001B
                 _0x2020023:
00021f c002      	RJMP _0x2020024
                 _0x202001F:
000220 30e2      	CPI  R30,LOW(0x2)
000221 f439      	BRNE _0x2020025
                 _0x2020024:
000222 e050      	LDI  R21,LOW(0)
000223 e013      	LDI  R17,LOW(3)
000224 3320      	CPI  R18,48
000225 f411      	BRNE _0x2020026
000226 6800      	ORI  R16,LOW(128)
000227 c0eb      	RJMP _0x202001B
                 _0x2020026:
000228 c003      	RJMP _0x2020027
                 _0x2020025:
000229 30e3      	CPI  R30,LOW(0x3)
00022a f009      	BREQ PC+2
00022b c0e7      	RJMP _0x202001B
                 _0x2020027:
00022c 3320      	CPI  R18,48
00022d f010      	BRLO _0x202002A
00022e 332a      	CPI  R18,58
00022f f008      	BRLO _0x202002B
                 _0x202002A:
000230 c007      	RJMP _0x2020029
                 _0x202002B:
000231 e0aa      	LDI  R26,LOW(10)
000232 9f5a      	MUL  R21,R26
000233 2d50      	MOV  R21,R0
000234 2fe2      	MOV  R30,R18
000235 53e0      	SUBI R30,LOW(48)
000236 0f5e      	ADD  R21,R30
000237 c0db      	RJMP _0x202001B
                 _0x2020029:
000238 2fe2      	MOV  R30,R18
000239 36e3      	CPI  R30,LOW(0x63)
00023a f449      	BRNE _0x202002F
00023b 940e 0379 	CALL SUBOPT_0x3
00023d 89e8      	LDD  R30,Y+16
00023e 89f9      	LDD  R31,Y+16+1
00023f 81a4      	LDD  R26,Z+4
000240 93aa      	ST   -Y,R26
000241 940e 037f 	CALL SUBOPT_0x4
000243 c0ce      	RJMP _0x2020030
                 _0x202002F:
000244 37e3      	CPI  R30,LOW(0x73)
000245 f441      	BRNE _0x2020032
000246 940e 0379 	CALL SUBOPT_0x3
000248 940e 0385 	CALL SUBOPT_0x5
00024a 940e 0350 	CALL _strlen
00024c 2f1e      	MOV  R17,R30
00024d c00a      	RJMP _0x2020033
                 _0x2020032:
00024e 37e0      	CPI  R30,LOW(0x70)
00024f f461      	BRNE _0x2020035
000250 940e 0379 	CALL SUBOPT_0x3
000252 940e 0385 	CALL SUBOPT_0x5
000254 940e 035c 	CALL _strlenf
000256 2f1e      	MOV  R17,R30
000257 6008      	ORI  R16,LOW(8)
                 _0x2020033:
000258 6002      	ORI  R16,LOW(2)
000259 770f      	ANDI R16,LOW(127)
00025a e030      	LDI  R19,LOW(0)
00025b c034      	RJMP _0x2020036
                 _0x2020035:
00025c 36e4      	CPI  R30,LOW(0x64)
00025d f011      	BREQ _0x2020039
00025e 36e9      	CPI  R30,LOW(0x69)
00025f f411      	BRNE _0x202003A
                 _0x2020039:
000260 6004      	ORI  R16,LOW(4)
000261 c002      	RJMP _0x202003B
                 _0x202003A:
000262 37e5      	CPI  R30,LOW(0x75)
000263 f431      	BRNE _0x202003C
                 _0x202003B:
000264 e5e4      	LDI  R30,LOW(_tbl10_G101*2)
000265 e0f0      	LDI  R31,HIGH(_tbl10_G101*2)
000266 83ee      	STD  Y+6,R30
000267 83ff      	STD  Y+6+1,R31
000268 e015      	LDI  R17,LOW(5)
000269 c00c      	RJMP _0x202003D
                 _0x202003C:
00026a 35e8      	CPI  R30,LOW(0x58)
00026b f411      	BRNE _0x202003F
00026c 6008      	ORI  R16,LOW(8)
00026d c003      	RJMP _0x2020040
                 _0x202003F:
00026e 37e8      	CPI  R30,LOW(0x78)
00026f f009      	BREQ PC+2
000270 c0a1      	RJMP _0x2020071
                 _0x2020040:
000271 e5ee      	LDI  R30,LOW(_tbl16_G101*2)
000272 e0f0      	LDI  R31,HIGH(_tbl16_G101*2)
000273 83ee      	STD  Y+6,R30
000274 83ff      	STD  Y+6+1,R31
000275 e014      	LDI  R17,LOW(4)
                 _0x202003D:
000276 ff02      	SBRS R16,2
000277 c014      	RJMP _0x2020042
000278 940e 0379 	CALL SUBOPT_0x3
00027a 940e 038f 	CALL SUBOPT_0x6
00027c 85ab      	LDD  R26,Y+11
00027d 23aa      	TST  R26
00027e f43a      	BRPL _0x2020043
00027f 85ea      	LDD  R30,Y+10
000280 85fb      	LDD  R31,Y+10+1
000281 940e 03ac 	CALL __ANEGW1
000283 87ea      	STD  Y+10,R30
000284 87fb      	STD  Y+10+1,R31
000285 e24d      	LDI  R20,LOW(45)
                 _0x2020043:
000286 3040      	CPI  R20,0
000287 f011      	BREQ _0x2020044
000288 5f1f      	SUBI R17,-LOW(1)
000289 c001      	RJMP _0x2020045
                 _0x2020044:
00028a 7f0b      	ANDI R16,LOW(251)
                 _0x2020045:
00028b c004      	RJMP _0x2020046
                 _0x2020042:
00028c 940e 0379 	CALL SUBOPT_0x3
00028e 940e 038f 	CALL SUBOPT_0x6
                 _0x2020046:
                 _0x2020036:
000290 fd00      	SBRC R16,0
000291 c011      	RJMP _0x2020047
                 _0x2020048:
000292 1715      	CP   R17,R21
000293 f478      	BRSH _0x202004A
000294 ff07      	SBRS R16,7
000295 c008      	RJMP _0x202004B
000296 ff02      	SBRS R16,2
000297 c004      	RJMP _0x202004C
000298 7f0b      	ANDI R16,LOW(251)
000299 2f24      	MOV  R18,R20
00029a 5011      	SUBI R17,LOW(1)
00029b c001      	RJMP _0x202004D
                 _0x202004C:
00029c e320      	LDI  R18,LOW(48)
                 _0x202004D:
00029d c001      	RJMP _0x202004E
                 _0x202004B:
00029e e220      	LDI  R18,LOW(32)
                 _0x202004E:
00029f 940e 0372 	CALL SUBOPT_0x2
0002a1 5051      	SUBI R21,LOW(1)
0002a2 cfef      	RJMP _0x2020048
                 _0x202004A:
                 _0x2020047:
0002a3 2f31      	MOV  R19,R17
0002a4 ff01      	SBRS R16,1
0002a5 c017      	RJMP _0x202004F
                 _0x2020050:
0002a6 3030      	CPI  R19,0
0002a7 f0a1      	BREQ _0x2020052
0002a8 ff03      	SBRS R16,3
0002a9 c006      	RJMP _0x2020053
0002aa 81ee      	LDD  R30,Y+6
0002ab 81ff      	LDD  R31,Y+6+1
0002ac 9125      	LPM  R18,Z+
0002ad 83ee      	STD  Y+6,R30
0002ae 83ff      	STD  Y+6+1,R31
0002af c005      	RJMP _0x2020054
                 _0x2020053:
0002b0 81ae      	LDD  R26,Y+6
0002b1 81bf      	LDD  R27,Y+6+1
0002b2 912d      	LD   R18,X+
0002b3 83ae      	STD  Y+6,R26
0002b4 83bf      	STD  Y+6+1,R27
                 _0x2020054:
0002b5 940e 0372 	CALL SUBOPT_0x2
0002b7 3050      	CPI  R21,0
0002b8 f009      	BREQ _0x2020055
0002b9 5051      	SUBI R21,LOW(1)
                 _0x2020055:
0002ba 5031      	SUBI R19,LOW(1)
0002bb cfea      	RJMP _0x2020050
                 _0x2020052:
0002bc c04b      	RJMP _0x2020056
                 _0x202004F:
                 _0x2020058:
0002bd e320      	LDI  R18,LOW(48)
0002be 81ee      	LDD  R30,Y+6
0002bf 81ff      	LDD  R31,Y+6+1
0002c0 940e 03b4 	CALL __GETW1PF
0002c2 87e8      	STD  Y+8,R30
0002c3 87f9      	STD  Y+8+1,R31
0002c4 81ee      	LDD  R30,Y+6
0002c5 81ff      	LDD  R31,Y+6+1
0002c6 9632      	ADIW R30,2
0002c7 83ee      	STD  Y+6,R30
0002c8 83ff      	STD  Y+6+1,R31
                 _0x202005A:
0002c9 85e8      	LDD  R30,Y+8
0002ca 85f9      	LDD  R31,Y+8+1
0002cb 85aa      	LDD  R26,Y+10
0002cc 85bb      	LDD  R27,Y+10+1
0002cd 17ae      	CP   R26,R30
0002ce 07bf      	CPC  R27,R31
0002cf f050      	BRLO _0x202005C
0002d0 5f2f      	SUBI R18,-LOW(1)
0002d1 85a8      	LDD  R26,Y+8
0002d2 85b9      	LDD  R27,Y+8+1
0002d3 85ea      	LDD  R30,Y+10
0002d4 85fb      	LDD  R31,Y+10+1
0002d5 1bea      	SUB  R30,R26
0002d6 0bfb      	SBC  R31,R27
0002d7 87ea      	STD  Y+10,R30
0002d8 87fb      	STD  Y+10+1,R31
0002d9 cfef      	RJMP _0x202005A
                 _0x202005C:
0002da 332a      	CPI  R18,58
0002db f028      	BRLO _0x202005D
0002dc ff03      	SBRS R16,3
0002dd c002      	RJMP _0x202005E
0002de 5f29      	SUBI R18,-LOW(7)
0002df c001      	RJMP _0x202005F
                 _0x202005E:
0002e0 5d29      	SUBI R18,-LOW(39)
                 _0x202005F:
                 _0x202005D:
0002e1 fd04      	SBRC R16,4
0002e2 c01a      	RJMP _0x2020061
0002e3 3321      	CPI  R18,49
0002e4 f420      	BRSH _0x2020063
0002e5 85a8      	LDD  R26,Y+8
0002e6 85b9      	LDD  R27,Y+8+1
0002e7 9711      	SBIW R26,1
0002e8 f409      	BRNE _0x2020062
                 _0x2020063:
0002e9 c009      	RJMP _0x20200CD
                 _0x2020062:
0002ea 1753      	CP   R21,R19
0002eb f010      	BRLO _0x2020067
0002ec ff00      	SBRS R16,0
0002ed c001      	RJMP _0x2020068
                 _0x2020067:
0002ee c013      	RJMP _0x2020066
                 _0x2020068:
0002ef e220      	LDI  R18,LOW(32)
0002f0 ff07      	SBRS R16,7
0002f1 c00b      	RJMP _0x2020069
0002f2 e320      	LDI  R18,LOW(48)
                 _0x20200CD:
0002f3 6100      	ORI  R16,LOW(16)
0002f4 ff02      	SBRS R16,2
0002f5 c007      	RJMP _0x202006A
0002f6 7f0b      	ANDI R16,LOW(251)
0002f7 934a      	ST   -Y,R20
0002f8 940e 037f 	CALL SUBOPT_0x4
0002fa 3050      	CPI  R21,0
0002fb f009      	BREQ _0x202006B
0002fc 5051      	SUBI R21,LOW(1)
                 _0x202006B:
                 _0x202006A:
                 _0x2020069:
                 _0x2020061:
0002fd 940e 0372 	CALL SUBOPT_0x2
0002ff 3050      	CPI  R21,0
000300 f009      	BREQ _0x202006C
000301 5051      	SUBI R21,LOW(1)
                 _0x202006C:
                 _0x2020066:
000302 5031      	SUBI R19,LOW(1)
000303 85a8      	LDD  R26,Y+8
000304 85b9      	LDD  R27,Y+8+1
000305 9712      	SBIW R26,2
000306 f008      	BRLO _0x2020059
000307 cfb5      	RJMP _0x2020058
                 _0x2020059:
                 _0x2020056:
000308 ff00      	SBRS R16,0
000309 c008      	RJMP _0x202006D
                 _0x202006E:
00030a 3050      	CPI  R21,0
00030b f031      	BREQ _0x2020070
00030c 5051      	SUBI R21,LOW(1)
00030d e2e0      	LDI  R30,LOW(32)
00030e 93ea      	ST   -Y,R30
00030f 940e 037f 	CALL SUBOPT_0x4
000311 cff8      	RJMP _0x202006E
                 _0x2020070:
                 _0x202006D:
                 _0x2020071:
                 _0x2020030:
                 _0x20200CC:
000312 e010      	LDI  R17,LOW(0)
                 _0x202001B:
000313 cee0      	RJMP _0x2020016
                 _0x2020018:
000314 85ac      	LDD  R26,Y+12
000315 85bd      	LDD  R27,Y+12+1
000316 940e 03b0 	CALL __GETW1P
000318 940e 03c4 	CALL __LOADLOCR6
00031a 9664      	ADIW R28,20
00031b 9508      	RET
                 ; .FEND
                 _sprintf:
                 ; .FSTART _sprintf
00031c 92ff      	PUSH R15
00031d 2ef8      	MOV  R15,R24
00031e 9726      	SBIW R28,6
00031f 940e 03bf 	CALL __SAVELOCR4
000321 940e 0397 	CALL SUBOPT_0x7
000323 9730      	SBIW R30,0
000324 f419      	BRNE _0x2020072
000325 efef      	LDI  R30,LOW(65535)
000326 efff      	LDI  R31,HIGH(65535)
000327 c023      	RJMP _0x2080001
                 _0x2020072:
000328 01de      	MOVW R26,R28
000329 9616      	ADIW R26,6
00032a 940e 03a8 	CALL __ADDW2R15
00032c 018d      	MOVW R16,R26
00032d 940e 0397 	CALL SUBOPT_0x7
00032f 83ee      	STD  Y+6,R30
000330 83ff      	STD  Y+6+1,R31
000331 e0e0      	LDI  R30,LOW(0)
000332 87e8      	STD  Y+8,R30
000333 87e9      	STD  Y+8+1,R30
000334 01de      	MOVW R26,R28
000335 961a      	ADIW R26,10
000336 940e 03a8 	CALL __ADDW2R15
000338 940e 03b0 	CALL __GETW1P
00033a 93fa      	ST   -Y,R31
00033b 93ea      	ST   -Y,R30
00033c 931a      	ST   -Y,R17
00033d 930a      	ST   -Y,R16
00033e eae8      	LDI  R30,LOW(_put_buff_G101)
00033f e0f1      	LDI  R31,HIGH(_put_buff_G101)
000340 93fa      	ST   -Y,R31
000341 93ea      	ST   -Y,R30
000342 01de      	MOVW R26,R28
000343 961a      	ADIW R26,10
000344 dea3      	RCALL __print_G101
000345 019f      	MOVW R18,R30
000346 81ae      	LDD  R26,Y+6
000347 81bf      	LDD  R27,Y+6+1
000348 e0e0      	LDI  R30,LOW(0)
000349 93ec      	ST   X,R30
00034a 01f9      	MOVW R30,R18
                 _0x2080001:
00034b 940e 03c6 	CALL __LOADLOCR4
00034d 962a      	ADIW R28,10
00034e 90ff      	POP  R15
00034f 9508      	RET
                 ; .FEND
                 
                 	.CSEG
                 
                 	.CSEG
                 _strlen:
                 ; .FSTART _strlen
000350 93ba      	ST   -Y,R27
000351 93aa      	ST   -Y,R26
000352 91a9          ld   r26,y+
000353 91b9          ld   r27,y+
000354 27ee          clr  r30
000355 27ff          clr  r31
                 strlen0:
000356 916d          ld   r22,x+
000357 2366          tst  r22
000358 f011          breq strlen1
000359 9631          adiw r30,1
00035a cffb          rjmp strlen0
                 strlen1:
00035b 9508          ret
                 ; .FEND
                 _strlenf:
                 ; .FSTART _strlenf
00035c 93ba      	ST   -Y,R27
00035d 93aa      	ST   -Y,R26
00035e 27aa          clr  r26
00035f 27bb          clr  r27
000360 91e9          ld   r30,y+
000361 91f9          ld   r31,y+
                 strlenf0:
000362 9005      	lpm  r0,z+
000363 2000          tst  r0
000364 f011          breq strlenf1
000365 9611          adiw r26,1
000366 cffb          rjmp strlenf0
                 strlenf1:
000367 01fd          movw r30,r26
000368 9508          ret
                 ; .FEND
                 
                 	.DSEG
                 __base_y_G100:
000260           	.BYTE 0x4
                 
                 	.CSEG
                 ;OPTIMIZER ADDED SUBROUTINE, CALLED 3 TIMES, CODE SIZE REDUCTION:3 WORDS
                 SUBOPT_0x0:
000369 940e 0164 	CALL __long_delay_G100
00036b e3a0      	LDI  R26,LOW(48)
00036c 940c 0169 	JMP  __lcd_init_write_G100
                 
                 ;OPTIMIZER ADDED SUBROUTINE, CALLED 3 TIMES, CODE SIZE REDUCTION:1 WORDS
                 SUBOPT_0x1:
00036e 940e 00f5 	CALL __lcd_write_data
000370 940c 0164 	JMP  __long_delay_G100
                 
                 ;OPTIMIZER ADDED SUBROUTINE, CALLED 5 TIMES, CODE SIZE REDUCTION:13 WORDS
                 SUBOPT_0x2:
000372 932a      	ST   -Y,R18
000373 85ad      	LDD  R26,Y+13
000374 85be      	LDD  R27,Y+13+1
000375 85ef      	LDD  R30,Y+15
000376 89f8      	LDD  R31,Y+15+1
000377 9509      	ICALL
000378 9508      	RET
                 
                 ;OPTIMIZER ADDED SUBROUTINE, CALLED 5 TIMES, CODE SIZE REDUCTION:9 WORDS
                 SUBOPT_0x3:
000379 89e8      	LDD  R30,Y+16
00037a 89f9      	LDD  R31,Y+16+1
00037b 9734      	SBIW R30,4
00037c 8be8      	STD  Y+16,R30
00037d 8bf9      	STD  Y+16+1,R31
00037e 9508      	RET
                 
                 ;OPTIMIZER ADDED SUBROUTINE, CALLED 3 TIMES, CODE SIZE REDUCTION:3 WORDS
                 SUBOPT_0x4:
00037f 85ad      	LDD  R26,Y+13
000380 85be      	LDD  R27,Y+13+1
000381 85ef      	LDD  R30,Y+15
000382 89f8      	LDD  R31,Y+15+1
000383 9509      	ICALL
000384 9508      	RET
                 
                 ;OPTIMIZER ADDED SUBROUTINE, CALLED 2 TIMES, CODE SIZE REDUCTION:4 WORDS
                 SUBOPT_0x5:
000385 89a8      	LDD  R26,Y+16
000386 89b9      	LDD  R27,Y+16+1
000387 9614      	ADIW R26,4
000388 940e 03b0 	CALL __GETW1P
00038a 83ee      	STD  Y+6,R30
00038b 83ff      	STD  Y+6+1,R31
00038c 81ae      	LDD  R26,Y+6
00038d 81bf      	LDD  R27,Y+6+1
00038e 9508      	RET
                 
                 ;OPTIMIZER ADDED SUBROUTINE, CALLED 2 TIMES, CODE SIZE REDUCTION:2 WORDS
                 SUBOPT_0x6:
00038f 89a8      	LDD  R26,Y+16
000390 89b9      	LDD  R27,Y+16+1
000391 9614      	ADIW R26,4
000392 940e 03b0 	CALL __GETW1P
000394 87ea      	STD  Y+10,R30
000395 87fb      	STD  Y+10+1,R31
000396 9508      	RET
                 
                 ;OPTIMIZER ADDED SUBROUTINE, CALLED 2 TIMES, CODE SIZE REDUCTION:1 WORDS
                 SUBOPT_0x7:
000397 01de      	MOVW R26,R28
000398 961c      	ADIW R26,12
000399 940e 03a8 	CALL __ADDW2R15
00039b 940e 03b0 	CALL __GETW1P
00039d 9508      	RET
                 
                 
                 	.CSEG
                 _delay_ms:
00039e 9610      	adiw r26,0
00039f f039      	breq __delay_ms1
                 __delay_ms0:
0003a0 95a8      	wdr
                +
0003a1 ef8a     +LDI R24 , LOW ( 0xFA )
0003a2 e090     +LDI R25 , HIGH ( 0xFA )
                +__DELAY_USW_LOOP :
0003a3 9701     +SBIW R24 , 1
0003a4 f7f1     +BRNE __DELAY_USW_LOOP
                 	__DELAY_USW 0xFA
0003a5 9711      	sbiw r26,1
0003a6 f7c9      	brne __delay_ms0
                 __delay_ms1:
0003a7 9508      	ret
                 
                 __ADDW2R15:
0003a8 2400      	CLR  R0
0003a9 0daf      	ADD  R26,R15
0003aa 1db0      	ADC  R27,R0
0003ab 9508      	RET
                 
                 __ANEGW1:
0003ac 95f1      	NEG  R31
0003ad 95e1      	NEG  R30
0003ae 40f0      	SBCI R31,0
0003af 9508      	RET
                 
                 __GETW1P:
0003b0 91ed      	LD   R30,X+
0003b1 91fc      	LD   R31,X
0003b2 9711      	SBIW R26,1
0003b3 9508      	RET
                 
                 __GETW1PF:
0003b4 9005      	LPM  R0,Z+
0003b5 91f4      	LPM  R31,Z
0003b6 2de0      	MOV  R30,R0
0003b7 9508      	RET
                 
                 __PUTPARD1:
0003b8 937a      	ST   -Y,R23
0003b9 936a      	ST   -Y,R22
0003ba 93fa      	ST   -Y,R31
0003bb 93ea      	ST   -Y,R30
0003bc 9508      	RET
                 
                 __SAVELOCR6:
0003bd 935a      	ST   -Y,R21
                 __SAVELOCR5:
0003be 934a      	ST   -Y,R20
                 __SAVELOCR4:
0003bf 933a      	ST   -Y,R19
                 __SAVELOCR3:
0003c0 932a      	ST   -Y,R18
                 __SAVELOCR2:
0003c1 931a      	ST   -Y,R17
0003c2 930a      	ST   -Y,R16
0003c3 9508      	RET
                 
                 __LOADLOCR6:
0003c4 815d      	LDD  R21,Y+5
                 __LOADLOCR5:
0003c5 814c      	LDD  R20,Y+4
                 __LOADLOCR4:
0003c6 813b      	LDD  R19,Y+3
                 __LOADLOCR3:
0003c7 812a      	LDD  R18,Y+2
                 __LOADLOCR2:
0003c8 8119      	LDD  R17,Y+1
0003c9 8108      	LD   R16,Y
0003ca 9508      	RET
                 
                 ;END OF CODE MARKER
                 __END_OF_CODE:


RESOURCE USE INFORMATION
------------------------

Notice:
The register and instruction counts are symbol table hit counts,
and hence implicitly used resources are not counted, eg, the
'lpm' instruction without operands implicitly uses r0 and z,
none of which are counted.

x,y,z are separate entities in the symbol table and are
counted separately from r26..r31 here.

.dseg memory usage only counts static data declared with .byte

ATmega32 register use summary:
r0 :  11 r1 :   1 r2 :   3 r3 :   0 r4 :   4 r5 :   4 r6 :   0 r7 :   2 
r8 :   0 r9 :   0 r10:   0 r11:   0 r12:   0 r13:   0 r14:   0 r15:   4 
r16:  34 r17:  26 r18:  29 r19:   8 r20:   9 r21:  17 r22:   6 r23:   2 
r24:  11 r25:   3 r26: 115 r27:  41 r28:  17 r29:   1 r30: 189 r31:  61 
x  :  23 y  : 167 z  :  15 
Registers used: 26 out of 35 (74.3%)

ATmega32 instruction use summary:
.lds  :   0 .lds.l:   0 .sts  :   0 .sts.l:   0 adc   :   1 add   :   3 
adiw  :  24 and   :   0 andi  :  10 asr   :   0 bclr  :   0 bld   :   1 
brbc  :   0 brbs  :   0 brcc  :   0 brcs  :   0 break :   0 breq  :  18 
brge  :   0 brhc  :   0 brhs  :   0 brid  :   0 brie  :   0 brlo  :   8 
brlt  :   0 brmi  :   1 brne  :  25 brpl  :   1 brsh  :   2 brtc  :   0 
brts  :   1 brvc  :   0 brvs  :   0 bset  :   0 bst   :   0 call  :  72 
cbi   :  11 cbr   :   0 clc   :   0 clh   :   0 cli   :   1 cln   :   0 
clr   :  12 cls   :   0 clt   :   2 clv   :   0 clz   :   0 com   :   0 
cp    :   4 cpc   :   2 cpi   :  33 cpse  :   0 dec   :   2 des   :   0 
eor   :   0 fmul  :   0 fmuls :   0 fmulsu:   0 icall :   2 ijmp  :   0 
in    :  11 inc   :   2 jmp   :  26 ld    :  25 ldd   :  77 ldi   :  89 
lds   :   0 lpm   :  14 lsl   :   0 lsr   :   0 mov   :  18 movw  :  16 
mul   :   1 muls  :   0 mulsu :   0 neg   :   2 nop   :   0 or    :   2 
ori   :   9 out   :  34 pop   :   3 push  :   3 rcall :  15 ret   :  29 
reti  :   2 rjmp  :  64 rol   :   0 ror   :   0 sbc   :   1 sbci  :   2 
sbi   :  10 sbic  :   0 sbis  :   1 sbiw  :  19 sbr   :   0 sbrc  :   4 
sbrs  :  11 sec   :   0 seh   :   0 sei   :   1 sen   :   0 ser   :   0 
ses   :   0 set   :   2 sev   :   0 sez   :   0 sleep :   0 spm   :   0 
st    :  60 std   :  31 sts   :   2 sub   :   1 subi  :  16 swap  :   2 
tst   :   4 wdr   :   1 
Instructions used: 59 out of 116 (50.9%)

ATmega32 memory use summary [bytes]:
Segment   Begin    End      Code   Data   Used    Size   Use%
---------------------------------------------------------------
[.cseg] 0x000000 0x000796   1888     54   1942   32768   5.9%
[.dseg] 0x000060 0x000264      0      4      4    2048   0.2%
[.eseg] 0x000000 0x000000      0      0      0    1024   0.0%

Assembly complete, 0 errors, 4 warnings
