
AVRASM ver. 2.1.30  C:\Users\A\Desktop\micro\3\part2,3\Debug\List\c.asm Thu Aug 06 20:18:26 2020

C:\Users\A\Desktop\micro\3\part2,3\Debug\List\c.asm(1088): warning: Register r5 already defined by the .DEF directive
C:\Users\A\Desktop\micro\3\part2,3\Debug\List\c.asm(1089): warning: Register r4 already defined by the .DEF directive
C:\Users\A\Desktop\micro\3\part2,3\Debug\List\c.asm(1090): warning: Register r7 already defined by the .DEF directive
                 
                 
                 ;CodeVisionAVR C Compiler V3.14 Advanced
                 ;(C) Copyright 1998-2014 Pavel Haiduc, HP InfoTech s.r.l.
                 ;http://www.hpinfotech.com
                 
                 ;Build configuration    : Debug
                 ;Chip type              : ATmega32
                 ;Program type           : Application
                 ;Clock frequency        : 1/000000 MHz
                 ;Memory model           : Small
                 ;Optimize for           : Size
                 ;(s)printf features     : int, width
                 ;(s)scanf features      : int, width
                 ;External RAM size      : 0
                 ;Data Stack size        : 512 byte(s)
                 ;Heap size              : 0 byte(s)
                 ;Promote 'char' to 'int': Yes
                 ;'char' is unsigned     : Yes
                 ;8 bit enums            : Yes
                 ;Global 'const' stored in FLASH: Yes
                 ;Enhanced function parameter passing: Yes
                 ;Enhanced core instructions: On
                 ;Automatic register allocation for global variables: On
                 ;Smart register allocation: On
                 
                 	#define _MODEL_SMALL_
                 
                 	#pragma AVRPART ADMIN PART_NAME ATmega32
                 	#pragma AVRPART MEMORY PROG_FLASH 32768
                 	#pragma AVRPART MEMORY EEPROM 1024
                 	#pragma AVRPART MEMORY INT_SRAM SIZE 2048
                 	#pragma AVRPART MEMORY INT_SRAM START_ADDR 0x60
                 
                 	#define CALL_SUPPORTED 1
                 
                 	.LISTMAC
                 	.EQU UDRE=0x5
                 	.EQU RXC=0x7
                 	.EQU USR=0xB
                 	.EQU UDR=0xC
                 	.EQU SPSR=0xE
                 	.EQU SPDR=0xF
                 	.EQU EERE=0x0
                 	.EQU EEWE=0x1
                 	.EQU EEMWE=0x2
                 	.EQU EECR=0x1C
                 	.EQU EEDR=0x1D
                 	.EQU EEARL=0x1E
                 	.EQU EEARH=0x1F
                 	.EQU WDTCR=0x21
                 	.EQU MCUCR=0x35
                 	.EQU GICR=0x3B
                 	.EQU SPL=0x3D
                 	.EQU SPH=0x3E
                 	.EQU SREG=0x3F
                 
                 	.DEF R0X0=R0
                 	.DEF R0X1=R1
                 	.DEF R0X2=R2
                 	.DEF R0X3=R3
                 	.DEF R0X4=R4
                 	.DEF R0X5=R5
                 	.DEF R0X6=R6
                 	.DEF R0X7=R7
                 	.DEF R0X8=R8
                 	.DEF R0X9=R9
                 	.DEF R0XA=R10
                 	.DEF R0XB=R11
                 	.DEF R0XC=R12
                 	.DEF R0XD=R13
                 	.DEF R0XE=R14
                 	.DEF R0XF=R15
                 	.DEF R0X10=R16
                 	.DEF R0X11=R17
                 	.DEF R0X12=R18
                 	.DEF R0X13=R19
                 	.DEF R0X14=R20
                 	.DEF R0X15=R21
                 	.DEF R0X16=R22
                 	.DEF R0X17=R23
                 	.DEF R0X18=R24
                 	.DEF R0X19=R25
                 	.DEF R0X1A=R26
                 	.DEF R0X1B=R27
                 	.DEF R0X1C=R28
                 	.DEF R0X1D=R29
                 	.DEF R0X1E=R30
                 	.DEF R0X1F=R31
                 
                 	.EQU __SRAM_START=0x0060
                 	.EQU __SRAM_END=0x085F
                 	.EQU __DSTACK_SIZE=0x0200
                 	.EQU __HEAP_SIZE=0x0000
                 	.EQU __CLEAR_SRAM_SIZE=__SRAM_END-__SRAM_START+1
                 
                 	.MACRO __CPD1N
                 	CPI  R30,LOW(@0)
                 	LDI  R26,HIGH(@0)
                 	CPC  R31,R26
                 	LDI  R26,BYTE3(@0)
                 	CPC  R22,R26
                 	LDI  R26,BYTE4(@0)
                 	CPC  R23,R26
                 	.ENDM
                 
                 	.MACRO __CPD2N
                 	CPI  R26,LOW(@0)
                 	LDI  R30,HIGH(@0)
                 	CPC  R27,R30
                 	LDI  R30,BYTE3(@0)
                 	CPC  R24,R30
                 	LDI  R30,BYTE4(@0)
                 	CPC  R25,R30
                 	.ENDM
                 
                 	.MACRO __CPWRR
                 	CP   R@0,R@2
                 	CPC  R@1,R@3
                 	.ENDM
                 
                 	.MACRO __CPWRN
                 	CPI  R@0,LOW(@2)
                 	LDI  R30,HIGH(@2)
                 	CPC  R@1,R30
                 	.ENDM
                 
                 	.MACRO __ADDB1MN
                 	SUBI R30,LOW(-@0-(@1))
                 	.ENDM
                 
                 	.MACRO __ADDB2MN
                 	SUBI R26,LOW(-@0-(@1))
                 	.ENDM
                 
                 	.MACRO __ADDW1MN
                 	SUBI R30,LOW(-@0-(@1))
                 	SBCI R31,HIGH(-@0-(@1))
                 	.ENDM
                 
                 	.MACRO __ADDW2MN
                 	SUBI R26,LOW(-@0-(@1))
                 	SBCI R27,HIGH(-@0-(@1))
                 	.ENDM
                 
                 	.MACRO __ADDW1FN
                 	SUBI R30,LOW(-2*@0-(@1))
                 	SBCI R31,HIGH(-2*@0-(@1))
                 	.ENDM
                 
                 	.MACRO __ADDD1FN
                 	SUBI R30,LOW(-2*@0-(@1))
                 	SBCI R31,HIGH(-2*@0-(@1))
                 	SBCI R22,BYTE3(-2*@0-(@1))
                 	.ENDM
                 
                 	.MACRO __ADDD1N
                 	SUBI R30,LOW(-@0)
                 	SBCI R31,HIGH(-@0)
                 	SBCI R22,BYTE3(-@0)
                 	SBCI R23,BYTE4(-@0)
                 	.ENDM
                 
                 	.MACRO __ADDD2N
                 	SUBI R26,LOW(-@0)
                 	SBCI R27,HIGH(-@0)
                 	SBCI R24,BYTE3(-@0)
                 	SBCI R25,BYTE4(-@0)
                 	.ENDM
                 
                 	.MACRO __SUBD1N
                 	SUBI R30,LOW(@0)
                 	SBCI R31,HIGH(@0)
                 	SBCI R22,BYTE3(@0)
                 	SBCI R23,BYTE4(@0)
                 	.ENDM
                 
                 	.MACRO __SUBD2N
                 	SUBI R26,LOW(@0)
                 	SBCI R27,HIGH(@0)
                 	SBCI R24,BYTE3(@0)
                 	SBCI R25,BYTE4(@0)
                 	.ENDM
                 
                 	.MACRO __ANDBMNN
                 	LDS  R30,@0+(@1)
                 	ANDI R30,LOW(@2)
                 	STS  @0+(@1),R30
                 	.ENDM
                 
                 	.MACRO __ANDWMNN
                 	LDS  R30,@0+(@1)
                 	ANDI R30,LOW(@2)
                 	STS  @0+(@1),R30
                 	LDS  R30,@0+(@1)+1
                 	ANDI R30,HIGH(@2)
                 	STS  @0+(@1)+1,R30
                 	.ENDM
                 
                 	.MACRO __ANDD1N
                 	ANDI R30,LOW(@0)
                 	ANDI R31,HIGH(@0)
                 	ANDI R22,BYTE3(@0)
                 	ANDI R23,BYTE4(@0)
                 	.ENDM
                 
                 	.MACRO __ANDD2N
                 	ANDI R26,LOW(@0)
                 	ANDI R27,HIGH(@0)
                 	ANDI R24,BYTE3(@0)
                 	ANDI R25,BYTE4(@0)
                 	.ENDM
                 
                 	.MACRO __ORBMNN
                 	LDS  R30,@0+(@1)
                 	ORI  R30,LOW(@2)
                 	STS  @0+(@1),R30
                 	.ENDM
                 
                 	.MACRO __ORWMNN
                 	LDS  R30,@0+(@1)
                 	ORI  R30,LOW(@2)
                 	STS  @0+(@1),R30
                 	LDS  R30,@0+(@1)+1
                 	ORI  R30,HIGH(@2)
                 	STS  @0+(@1)+1,R30
                 	.ENDM
                 
                 	.MACRO __ORD1N
                 	ORI  R30,LOW(@0)
                 	ORI  R31,HIGH(@0)
                 	ORI  R22,BYTE3(@0)
                 	ORI  R23,BYTE4(@0)
                 	.ENDM
                 
                 	.MACRO __ORD2N
                 	ORI  R26,LOW(@0)
                 	ORI  R27,HIGH(@0)
                 	ORI  R24,BYTE3(@0)
                 	ORI  R25,BYTE4(@0)
                 	.ENDM
                 
                 	.MACRO __DELAY_USB
                 	LDI  R24,LOW(@0)
                 __DELAY_USB_LOOP:
                 	DEC  R24
                 	BRNE __DELAY_USB_LOOP
                 	.ENDM
                 
                 	.MACRO __DELAY_USW
                 	LDI  R24,LOW(@0)
                 	LDI  R25,HIGH(@0)
                 __DELAY_USW_LOOP:
                 	SBIW R24,1
                 	BRNE __DELAY_USW_LOOP
                 	.ENDM
                 
                 	.MACRO __GETD1S
                 	LDD  R30,Y+@0
                 	LDD  R31,Y+@0+1
                 	LDD  R22,Y+@0+2
                 	LDD  R23,Y+@0+3
                 	.ENDM
                 
                 	.MACRO __GETD2S
                 	LDD  R26,Y+@0
                 	LDD  R27,Y+@0+1
                 	LDD  R24,Y+@0+2
                 	LDD  R25,Y+@0+3
                 	.ENDM
                 
                 	.MACRO __PUTD1S
                 	STD  Y+@0,R30
                 	STD  Y+@0+1,R31
                 	STD  Y+@0+2,R22
                 	STD  Y+@0+3,R23
                 	.ENDM
                 
                 	.MACRO __PUTD2S
                 	STD  Y+@0,R26
                 	STD  Y+@0+1,R27
                 	STD  Y+@0+2,R24
                 	STD  Y+@0+3,R25
                 	.ENDM
                 
                 	.MACRO __PUTDZ2
                 	STD  Z+@0,R26
                 	STD  Z+@0+1,R27
                 	STD  Z+@0+2,R24
                 	STD  Z+@0+3,R25
                 	.ENDM
                 
                 	.MACRO __CLRD1S
                 	STD  Y+@0,R30
                 	STD  Y+@0+1,R30
                 	STD  Y+@0+2,R30
                 	STD  Y+@0+3,R30
                 	.ENDM
                 
                 	.MACRO __POINTB1MN
                 	LDI  R30,LOW(@0+(@1))
                 	.ENDM
                 
                 	.MACRO __POINTW1MN
                 	LDI  R30,LOW(@0+(@1))
                 	LDI  R31,HIGH(@0+(@1))
                 	.ENDM
                 
                 	.MACRO __POINTD1M
                 	LDI  R30,LOW(@0)
                 	LDI  R31,HIGH(@0)
                 	LDI  R22,BYTE3(@0)
                 	LDI  R23,BYTE4(@0)
                 	.ENDM
                 
                 	.MACRO __POINTW1FN
                 	LDI  R30,LOW(2*@0+(@1))
                 	LDI  R31,HIGH(2*@0+(@1))
                 	.ENDM
                 
                 	.MACRO __POINTD1FN
                 	LDI  R30,LOW(2*@0+(@1))
                 	LDI  R31,HIGH(2*@0+(@1))
                 	LDI  R22,BYTE3(2*@0+(@1))
                 	LDI  R23,BYTE4(2*@0+(@1))
                 	.ENDM
                 
                 	.MACRO __POINTB2MN
                 	LDI  R26,LOW(@0+(@1))
                 	.ENDM
                 
                 	.MACRO __POINTW2MN
                 	LDI  R26,LOW(@0+(@1))
                 	LDI  R27,HIGH(@0+(@1))
                 	.ENDM
                 
                 	.MACRO __POINTW2FN
                 	LDI  R26,LOW(2*@0+(@1))
                 	LDI  R27,HIGH(2*@0+(@1))
                 	.ENDM
                 
                 	.MACRO __POINTD2FN
                 	LDI  R26,LOW(2*@0+(@1))
                 	LDI  R27,HIGH(2*@0+(@1))
                 	LDI  R24,BYTE3(2*@0+(@1))
                 	LDI  R25,BYTE4(2*@0+(@1))
                 	.ENDM
                 
                 	.MACRO __POINTBRM
                 	LDI  R@0,LOW(@1)
                 	.ENDM
                 
                 	.MACRO __POINTWRM
                 	LDI  R@0,LOW(@2)
                 	LDI  R@1,HIGH(@2)
                 	.ENDM
                 
                 	.MACRO __POINTBRMN
                 	LDI  R@0,LOW(@1+(@2))
                 	.ENDM
                 
                 	.MACRO __POINTWRMN
                 	LDI  R@0,LOW(@2+(@3))
                 	LDI  R@1,HIGH(@2+(@3))
                 	.ENDM
                 
                 	.MACRO __POINTWRFN
                 	LDI  R@0,LOW(@2*2+(@3))
                 	LDI  R@1,HIGH(@2*2+(@3))
                 	.ENDM
                 
                 	.MACRO __GETD1N
                 	LDI  R30,LOW(@0)
                 	LDI  R31,HIGH(@0)
                 	LDI  R22,BYTE3(@0)
                 	LDI  R23,BYTE4(@0)
                 	.ENDM
                 
                 	.MACRO __GETD2N
                 	LDI  R26,LOW(@0)
                 	LDI  R27,HIGH(@0)
                 	LDI  R24,BYTE3(@0)
                 	LDI  R25,BYTE4(@0)
                 	.ENDM
                 
                 	.MACRO __GETB1MN
                 	LDS  R30,@0+(@1)
                 	.ENDM
                 
                 	.MACRO __GETB1HMN
                 	LDS  R31,@0+(@1)
                 	.ENDM
                 
                 	.MACRO __GETW1MN
                 	LDS  R30,@0+(@1)
                 	LDS  R31,@0+(@1)+1
                 	.ENDM
                 
                 	.MACRO __GETD1MN
                 	LDS  R30,@0+(@1)
                 	LDS  R31,@0+(@1)+1
                 	LDS  R22,@0+(@1)+2
                 	LDS  R23,@0+(@1)+3
                 	.ENDM
                 
                 	.MACRO __GETBRMN
                 	LDS  R@0,@1+(@2)
                 	.ENDM
                 
                 	.MACRO __GETWRMN
                 	LDS  R@0,@2+(@3)
                 	LDS  R@1,@2+(@3)+1
                 	.ENDM
                 
                 	.MACRO __GETWRZ
                 	LDD  R@0,Z+@2
                 	LDD  R@1,Z+@2+1
                 	.ENDM
                 
                 	.MACRO __GETD2Z
                 	LDD  R26,Z+@0
                 	LDD  R27,Z+@0+1
                 	LDD  R24,Z+@0+2
                 	LDD  R25,Z+@0+3
                 	.ENDM
                 
                 	.MACRO __GETB2MN
                 	LDS  R26,@0+(@1)
                 	.ENDM
                 
                 	.MACRO __GETW2MN
                 	LDS  R26,@0+(@1)
                 	LDS  R27,@0+(@1)+1
                 	.ENDM
                 
                 	.MACRO __GETD2MN
                 	LDS  R26,@0+(@1)
                 	LDS  R27,@0+(@1)+1
                 	LDS  R24,@0+(@1)+2
                 	LDS  R25,@0+(@1)+3
                 	.ENDM
                 
                 	.MACRO __PUTB1MN
                 	STS  @0+(@1),R30
                 	.ENDM
                 
                 	.MACRO __PUTW1MN
                 	STS  @0+(@1),R30
                 	STS  @0+(@1)+1,R31
                 	.ENDM
                 
                 	.MACRO __PUTD1MN
                 	STS  @0+(@1),R30
                 	STS  @0+(@1)+1,R31
                 	STS  @0+(@1)+2,R22
                 	STS  @0+(@1)+3,R23
                 	.ENDM
                 
                 	.MACRO __PUTB1EN
                 	LDI  R26,LOW(@0+(@1))
                 	LDI  R27,HIGH(@0+(@1))
                 	CALL __EEPROMWRB
                 	.ENDM
                 
                 	.MACRO __PUTW1EN
                 	LDI  R26,LOW(@0+(@1))
                 	LDI  R27,HIGH(@0+(@1))
                 	CALL __EEPROMWRW
                 	.ENDM
                 
                 	.MACRO __PUTD1EN
                 	LDI  R26,LOW(@0+(@1))
                 	LDI  R27,HIGH(@0+(@1))
                 	CALL __EEPROMWRD
                 	.ENDM
                 
                 	.MACRO __PUTBR0MN
                 	STS  @0+(@1),R0
                 	.ENDM
                 
                 	.MACRO __PUTBMRN
                 	STS  @0+(@1),R@2
                 	.ENDM
                 
                 	.MACRO __PUTWMRN
                 	STS  @0+(@1),R@2
                 	STS  @0+(@1)+1,R@3
                 	.ENDM
                 
                 	.MACRO __PUTBZR
                 	STD  Z+@1,R@0
                 	.ENDM
                 
                 	.MACRO __PUTWZR
                 	STD  Z+@2,R@0
                 	STD  Z+@2+1,R@1
                 	.ENDM
                 
                 	.MACRO __GETW1R
                 	MOV  R30,R@0
                 	MOV  R31,R@1
                 	.ENDM
                 
                 	.MACRO __GETW2R
                 	MOV  R26,R@0
                 	MOV  R27,R@1
                 	.ENDM
                 
                 	.MACRO __GETWRN
                 	LDI  R@0,LOW(@2)
                 	LDI  R@1,HIGH(@2)
                 	.ENDM
                 
                 	.MACRO __PUTW1R
                 	MOV  R@0,R30
                 	MOV  R@1,R31
                 	.ENDM
                 
                 	.MACRO __PUTW2R
                 	MOV  R@0,R26
                 	MOV  R@1,R27
                 	.ENDM
                 
                 	.MACRO __ADDWRN
                 	SUBI R@0,LOW(-@2)
                 	SBCI R@1,HIGH(-@2)
                 	.ENDM
                 
                 	.MACRO __ADDWRR
                 	ADD  R@0,R@2
                 	ADC  R@1,R@3
                 	.ENDM
                 
                 	.MACRO __SUBWRN
                 	SUBI R@0,LOW(@2)
                 	SBCI R@1,HIGH(@2)
                 	.ENDM
                 
                 	.MACRO __SUBWRR
                 	SUB  R@0,R@2
                 	SBC  R@1,R@3
                 	.ENDM
                 
                 	.MACRO __ANDWRN
                 	ANDI R@0,LOW(@2)
                 	ANDI R@1,HIGH(@2)
                 	.ENDM
                 
                 	.MACRO __ANDWRR
                 	AND  R@0,R@2
                 	AND  R@1,R@3
                 	.ENDM
                 
                 	.MACRO __ORWRN
                 	ORI  R@0,LOW(@2)
                 	ORI  R@1,HIGH(@2)
                 	.ENDM
                 
                 	.MACRO __ORWRR
                 	OR   R@0,R@2
                 	OR   R@1,R@3
                 	.ENDM
                 
                 	.MACRO __EORWRR
                 	EOR  R@0,R@2
                 	EOR  R@1,R@3
                 	.ENDM
                 
                 	.MACRO __GETWRS
                 	LDD  R@0,Y+@2
                 	LDD  R@1,Y+@2+1
                 	.ENDM
                 
                 	.MACRO __PUTBSR
                 	STD  Y+@1,R@0
                 	.ENDM
                 
                 	.MACRO __PUTWSR
                 	STD  Y+@2,R@0
                 	STD  Y+@2+1,R@1
                 	.ENDM
                 
                 	.MACRO __MOVEWRR
                 	MOV  R@0,R@2
                 	MOV  R@1,R@3
                 	.ENDM
                 
                 	.MACRO __INWR
                 	IN   R@0,@2
                 	IN   R@1,@2+1
                 	.ENDM
                 
                 	.MACRO __OUTWR
                 	OUT  @2+1,R@1
                 	OUT  @2,R@0
                 	.ENDM
                 
                 	.MACRO __CALL1MN
                 	LDS  R30,@0+(@1)
                 	LDS  R31,@0+(@1)+1
                 	ICALL
                 	.ENDM
                 
                 	.MACRO __CALL1FN
                 	LDI  R30,LOW(2*@0+(@1))
                 	LDI  R31,HIGH(2*@0+(@1))
                 	CALL __GETW1PF
                 	ICALL
                 	.ENDM
                 
                 	.MACRO __CALL2EN
                 	PUSH R26
                 	PUSH R27
                 	LDI  R26,LOW(@0+(@1))
                 	LDI  R27,HIGH(@0+(@1))
                 	CALL __EEPROMRDW
                 	POP  R27
                 	POP  R26
                 	ICALL
                 	.ENDM
                 
                 	.MACRO __CALL2EX
                 	SUBI R26,LOW(-@0)
                 	SBCI R27,HIGH(-@0)
                 	CALL __EEPROMRDD
                 	ICALL
                 	.ENDM
                 
                 	.MACRO __GETW1STACK
                 	IN   R30,SPL
                 	IN   R31,SPH
                 	ADIW R30,@0+1
                 	LD   R0,Z+
                 	LD   R31,Z
                 	MOV  R30,R0
                 	.ENDM
                 
                 	.MACRO __GETD1STACK
                 	IN   R30,SPL
                 	IN   R31,SPH
                 	ADIW R30,@0+1
                 	LD   R0,Z+
                 	LD   R1,Z+
                 	LD   R22,Z
                 	MOVW R30,R0
                 	.ENDM
                 
                 	.MACRO __NBST
                 	BST  R@0,@1
                 	IN   R30,SREG
                 	LDI  R31,0x40
                 	EOR  R30,R31
                 	OUT  SREG,R30
                 	.ENDM
                 
                 
                 	.MACRO __PUTB1SN
                 	LDD  R26,Y+@0
                 	LDD  R27,Y+@0+1
                 	SUBI R26,LOW(-@1)
                 	SBCI R27,HIGH(-@1)
                 	ST   X,R30
                 	.ENDM
                 
                 	.MACRO __PUTW1SN
                 	LDD  R26,Y+@0
                 	LDD  R27,Y+@0+1
                 	SUBI R26,LOW(-@1)
                 	SBCI R27,HIGH(-@1)
                 	ST   X+,R30
                 	ST   X,R31
                 	.ENDM
                 
                 	.MACRO __PUTD1SN
                 	LDD  R26,Y+@0
                 	LDD  R27,Y+@0+1
                 	SUBI R26,LOW(-@1)
                 	SBCI R27,HIGH(-@1)
                 	CALL __PUTDP1
                 	.ENDM
                 
                 	.MACRO __PUTB1SNS
                 	LDD  R26,Y+@0
                 	LDD  R27,Y+@0+1
                 	ADIW R26,@1
                 	ST   X,R30
                 	.ENDM
                 
                 	.MACRO __PUTW1SNS
                 	LDD  R26,Y+@0
                 	LDD  R27,Y+@0+1
                 	ADIW R26,@1
                 	ST   X+,R30
                 	ST   X,R31
                 	.ENDM
                 
                 	.MACRO __PUTD1SNS
                 	LDD  R26,Y+@0
                 	LDD  R27,Y+@0+1
                 	ADIW R26,@1
                 	CALL __PUTDP1
                 	.ENDM
                 
                 	.MACRO __PUTB1PMN
                 	LDS  R26,@0
                 	LDS  R27,@0+1
                 	SUBI R26,LOW(-@1)
                 	SBCI R27,HIGH(-@1)
                 	ST   X,R30
                 	.ENDM
                 
                 	.MACRO __PUTW1PMN
                 	LDS  R26,@0
                 	LDS  R27,@0+1
                 	SUBI R26,LOW(-@1)
                 	SBCI R27,HIGH(-@1)
                 	ST   X+,R30
                 	ST   X,R31
                 	.ENDM
                 
                 	.MACRO __PUTD1PMN
                 	LDS  R26,@0
                 	LDS  R27,@0+1
                 	SUBI R26,LOW(-@1)
                 	SBCI R27,HIGH(-@1)
                 	CALL __PUTDP1
                 	.ENDM
                 
                 	.MACRO __PUTB1PMNS
                 	LDS  R26,@0
                 	LDS  R27,@0+1
                 	ADIW R26,@1
                 	ST   X,R30
                 	.ENDM
                 
                 	.MACRO __PUTW1PMNS
                 	LDS  R26,@0
                 	LDS  R27,@0+1
                 	ADIW R26,@1
                 	ST   X+,R30
                 	ST   X,R31
                 	.ENDM
                 
                 	.MACRO __PUTD1PMNS
                 	LDS  R26,@0
                 	LDS  R27,@0+1
                 	ADIW R26,@1
                 	CALL __PUTDP1
                 	.ENDM
                 
                 	.MACRO __PUTB1RN
                 	MOVW R26,R@0
                 	SUBI R26,LOW(-@1)
                 	SBCI R27,HIGH(-@1)
                 	ST   X,R30
                 	.ENDM
                 
                 	.MACRO __PUTW1RN
                 	MOVW R26,R@0
                 	SUBI R26,LOW(-@1)
                 	SBCI R27,HIGH(-@1)
                 	ST   X+,R30
                 	ST   X,R31
                 	.ENDM
                 
                 	.MACRO __PUTD1RN
                 	MOVW R26,R@0
                 	SUBI R26,LOW(-@1)
                 	SBCI R27,HIGH(-@1)
                 	CALL __PUTDP1
                 	.ENDM
                 
                 	.MACRO __PUTB1RNS
                 	MOVW R26,R@0
                 	ADIW R26,@1
                 	ST   X,R30
                 	.ENDM
                 
                 	.MACRO __PUTW1RNS
                 	MOVW R26,R@0
                 	ADIW R26,@1
                 	ST   X+,R30
                 	ST   X,R31
                 	.ENDM
                 
                 	.MACRO __PUTD1RNS
                 	MOVW R26,R@0
                 	ADIW R26,@1
                 	CALL __PUTDP1
                 	.ENDM
                 
                 	.MACRO __PUTB1RON
                 	MOV  R26,R@0
                 	MOV  R27,R@1
                 	SUBI R26,LOW(-@2)
                 	SBCI R27,HIGH(-@2)
                 	ST   X,R30
                 	.ENDM
                 
                 	.MACRO __PUTW1RON
                 	MOV  R26,R@0
                 	MOV  R27,R@1
                 	SUBI R26,LOW(-@2)
                 	SBCI R27,HIGH(-@2)
                 	ST   X+,R30
                 	ST   X,R31
                 	.ENDM
                 
                 	.MACRO __PUTD1RON
                 	MOV  R26,R@0
                 	MOV  R27,R@1
                 	SUBI R26,LOW(-@2)
                 	SBCI R27,HIGH(-@2)
                 	CALL __PUTDP1
                 	.ENDM
                 
                 	.MACRO __PUTB1RONS
                 	MOV  R26,R@0
                 	MOV  R27,R@1
                 	ADIW R26,@2
                 	ST   X,R30
                 	.ENDM
                 
                 	.MACRO __PUTW1RONS
                 	MOV  R26,R@0
                 	MOV  R27,R@1
                 	ADIW R26,@2
                 	ST   X+,R30
                 	ST   X,R31
                 	.ENDM
                 
                 	.MACRO __PUTD1RONS
                 	MOV  R26,R@0
                 	MOV  R27,R@1
                 	ADIW R26,@2
                 	CALL __PUTDP1
                 	.ENDM
                 
                 
                 	.MACRO __GETB1SX
                 	MOVW R30,R28
                 	SUBI R30,LOW(-@0)
                 	SBCI R31,HIGH(-@0)
                 	LD   R30,Z
                 	.ENDM
                 
                 	.MACRO __GETB1HSX
                 	MOVW R30,R28
                 	SUBI R30,LOW(-@0)
                 	SBCI R31,HIGH(-@0)
                 	LD   R31,Z
                 	.ENDM
                 
                 	.MACRO __GETW1SX
                 	MOVW R30,R28
                 	SUBI R30,LOW(-@0)
                 	SBCI R31,HIGH(-@0)
                 	LD   R0,Z+
                 	LD   R31,Z
                 	MOV  R30,R0
                 	.ENDM
                 
                 	.MACRO __GETD1SX
                 	MOVW R30,R28
                 	SUBI R30,LOW(-@0)
                 	SBCI R31,HIGH(-@0)
                 	LD   R0,Z+
                 	LD   R1,Z+
                 	LD   R22,Z+
                 	LD   R23,Z
                 	MOVW R30,R0
                 	.ENDM
                 
                 	.MACRO __GETB2SX
                 	MOVW R26,R28
                 	SUBI R26,LOW(-@0)
                 	SBCI R27,HIGH(-@0)
                 	LD   R26,X
                 	.ENDM
                 
                 	.MACRO __GETW2SX
                 	MOVW R26,R28
                 	SUBI R26,LOW(-@0)
                 	SBCI R27,HIGH(-@0)
                 	LD   R0,X+
                 	LD   R27,X
                 	MOV  R26,R0
                 	.ENDM
                 
                 	.MACRO __GETD2SX
                 	MOVW R26,R28
                 	SUBI R26,LOW(-@0)
                 	SBCI R27,HIGH(-@0)
                 	LD   R0,X+
                 	LD   R1,X+
                 	LD   R24,X+
                 	LD   R25,X
                 	MOVW R26,R0
                 	.ENDM
                 
                 	.MACRO __GETBRSX
                 	MOVW R30,R28
                 	SUBI R30,LOW(-@1)
                 	SBCI R31,HIGH(-@1)
                 	LD   R@0,Z
                 	.ENDM
                 
                 	.MACRO __GETWRSX
                 	MOVW R30,R28
                 	SUBI R30,LOW(-@2)
                 	SBCI R31,HIGH(-@2)
                 	LD   R@0,Z+
                 	LD   R@1,Z
                 	.ENDM
                 
                 	.MACRO __GETBRSX2
                 	MOVW R26,R28
                 	SUBI R26,LOW(-@1)
                 	SBCI R27,HIGH(-@1)
                 	LD   R@0,X
                 	.ENDM
                 
                 	.MACRO __GETWRSX2
                 	MOVW R26,R28
                 	SUBI R26,LOW(-@2)
                 	SBCI R27,HIGH(-@2)
                 	LD   R@0,X+
                 	LD   R@1,X
                 	.ENDM
                 
                 	.MACRO __LSLW8SX
                 	MOVW R30,R28
                 	SUBI R30,LOW(-@0)
                 	SBCI R31,HIGH(-@0)
                 	LD   R31,Z
                 	CLR  R30
                 	.ENDM
                 
                 	.MACRO __PUTB1SX
                 	MOVW R26,R28
                 	SUBI R26,LOW(-@0)
                 	SBCI R27,HIGH(-@0)
                 	ST   X,R30
                 	.ENDM
                 
                 	.MACRO __PUTW1SX
                 	MOVW R26,R28
                 	SUBI R26,LOW(-@0)
                 	SBCI R27,HIGH(-@0)
                 	ST   X+,R30
                 	ST   X,R31
                 	.ENDM
                 
                 	.MACRO __PUTD1SX
                 	MOVW R26,R28
                 	SUBI R26,LOW(-@0)
                 	SBCI R27,HIGH(-@0)
                 	ST   X+,R30
                 	ST   X+,R31
                 	ST   X+,R22
                 	ST   X,R23
                 	.ENDM
                 
                 	.MACRO __CLRW1SX
                 	MOVW R26,R28
                 	SUBI R26,LOW(-@0)
                 	SBCI R27,HIGH(-@0)
                 	ST   X+,R30
                 	ST   X,R30
                 	.ENDM
                 
                 	.MACRO __CLRD1SX
                 	MOVW R26,R28
                 	SUBI R26,LOW(-@0)
                 	SBCI R27,HIGH(-@0)
                 	ST   X+,R30
                 	ST   X+,R30
                 	ST   X+,R30
                 	ST   X,R30
                 	.ENDM
                 
                 	.MACRO __PUTB2SX
                 	MOVW R30,R28
                 	SUBI R30,LOW(-@0)
                 	SBCI R31,HIGH(-@0)
                 	ST   Z,R26
                 	.ENDM
                 
                 	.MACRO __PUTW2SX
                 	MOVW R30,R28
                 	SUBI R30,LOW(-@0)
                 	SBCI R31,HIGH(-@0)
                 	ST   Z+,R26
                 	ST   Z,R27
                 	.ENDM
                 
                 	.MACRO __PUTD2SX
                 	MOVW R30,R28
                 	SUBI R30,LOW(-@0)
                 	SBCI R31,HIGH(-@0)
                 	ST   Z+,R26
                 	ST   Z+,R27
                 	ST   Z+,R24
                 	ST   Z,R25
                 	.ENDM
                 
                 	.MACRO __PUTBSRX
                 	MOVW R30,R28
                 	SUBI R30,LOW(-@1)
                 	SBCI R31,HIGH(-@1)
                 	ST   Z,R@0
                 	.ENDM
                 
                 	.MACRO __PUTWSRX
                 	MOVW R30,R28
                 	SUBI R30,LOW(-@2)
                 	SBCI R31,HIGH(-@2)
                 	ST   Z+,R@0
                 	ST   Z,R@1
                 	.ENDM
                 
                 	.MACRO __PUTB1SNX
                 	MOVW R26,R28
                 	SUBI R26,LOW(-@0)
                 	SBCI R27,HIGH(-@0)
                 	LD   R0,X+
                 	LD   R27,X
                 	MOV  R26,R0
                 	SUBI R26,LOW(-@1)
                 	SBCI R27,HIGH(-@1)
                 	ST   X,R30
                 	.ENDM
                 
                 	.MACRO __PUTW1SNX
                 	MOVW R26,R28
                 	SUBI R26,LOW(-@0)
                 	SBCI R27,HIGH(-@0)
                 	LD   R0,X+
                 	LD   R27,X
                 	MOV  R26,R0
                 	SUBI R26,LOW(-@1)
                 	SBCI R27,HIGH(-@1)
                 	ST   X+,R30
                 	ST   X,R31
                 	.ENDM
                 
                 	.MACRO __PUTD1SNX
                 	MOVW R26,R28
                 	SUBI R26,LOW(-@0)
                 	SBCI R27,HIGH(-@0)
                 	LD   R0,X+
                 	LD   R27,X
                 	MOV  R26,R0
                 	SUBI R26,LOW(-@1)
                 	SBCI R27,HIGH(-@1)
                 	ST   X+,R30
                 	ST   X+,R31
                 	ST   X+,R22
                 	ST   X,R23
                 	.ENDM
                 
                 	.MACRO __MULBRR
                 	MULS R@0,R@1
                 	MOVW R30,R0
                 	.ENDM
                 
                 	.MACRO __MULBRRU
                 	MUL  R@0,R@1
                 	MOVW R30,R0
                 	.ENDM
                 
                 	.MACRO __MULBRR0
                 	MULS R@0,R@1
                 	.ENDM
                 
                 	.MACRO __MULBRRU0
                 	MUL  R@0,R@1
                 	.ENDM
                 
                 	.MACRO __MULBNWRU
                 	LDI  R26,@2
                 	MUL  R26,R@0
                 	MOVW R30,R0
                 	MUL  R26,R@1
                 	ADD  R31,R0
                 	.ENDM
                 
                 ;NAME DEFINITIONS FOR GLOBAL VARIABLES ALLOCATED TO REGISTERS
                 	.DEF __lcd_x=R5
                 	.DEF __lcd_y=R4
                 	.DEF __lcd_maxx=R7
                 
                 	.CSEG
                 	.ORG 0x00
                 
                 ;START OF CODE MARKER
                 __START_OF_CODE:
                 
                 ;INTERRUPT VECTORS
000000 940c 0045 	JMP  __RESET
000002 940c 0072 	JMP  _ext_int0_isr
000004 940c 0000 	JMP  0x00
000006 940c 0000 	JMP  0x00
000008 940c 0000 	JMP  0x00
00000a 940c 0000 	JMP  0x00
00000c 940c 0000 	JMP  0x00
00000e 940c 0079 	JMP  _timer1_compa_isr
000010 940c 0000 	JMP  0x00
000012 940c 0000 	JMP  0x00
000014 940c 0000 	JMP  0x00
000016 940c 0000 	JMP  0x00
000018 940c 0000 	JMP  0x00
00001a 940c 0000 	JMP  0x00
00001c 940c 0000 	JMP  0x00
00001e 940c 0000 	JMP  0x00
000020 940c 0000 	JMP  0x00
000022 940c 0000 	JMP  0x00
000024 940c 0000 	JMP  0x00
000026 940c 0000 	JMP  0x00
000028 940c 0000 	JMP  0x00
                 
                 _tbl10_G101:
00002a 2710
00002b 03e8
00002c 0064
00002d 000a      	.DB  0x10,0x27,0xE8,0x3,0x64,0x0,0xA,0x0
00002e 0001      	.DB  0x1,0x0
                 _tbl16_G101:
00002f 1000
000030 0100
000031 0010
000032 0001      	.DB  0x0,0x10,0x0,0x1,0x10,0x0,0x1,0x0
                 
                 ;REGISTER BIT VARIABLES INITIALIZATION
                 __REG_BIT_VARS:
000033 0001      	.DW  0x0001
                 
                 _0x0:
000034 6954
000035 656d
000036 3072
000037 5620      	.DB  0x54,0x69,0x6D,0x65,0x72,0x30,0x20,0x56
000038 6c61
000039 6575
00003a 203a
00003b 6425      	.DB  0x61,0x6C,0x75,0x65,0x3A,0x20,0x25,0x64
C:\Users\A\Desktop\micro\3\part2,3\Debug\List\c.asm(1134): warning: .cseg .db misalignment - padding zero byte
00003c 0000      	.DB  0x0
                 _0x2000003:
00003d c080      	.DB  0x80,0xC0
                 
                 __GLOBAL_INI_TBL:
00003e 0001      	.DW  0x01
00003f 0002      	.DW  0x02
000040 0066      	.DW  __REG_BIT_VARS*2
                 
000041 0002      	.DW  0x02
000042 0260      	.DW  __base_y_G100
000043 007a      	.DW  _0x2000003*2
                 
                 _0xFFFFFFFF:
000044 0000      	.DW  0
                 
                 #define __GLOBAL_INI_TBL_PRESENT 1
                 
                 __RESET:
000045 94f8      	CLI
000046 27ee      	CLR  R30
000047 bbec      	OUT  EECR,R30
                 
                 ;INTERRUPT VECTORS ARE PLACED
                 ;AT THE START OF FLASH
000048 e0f1      	LDI  R31,1
000049 bffb      	OUT  GICR,R31
00004a bfeb      	OUT  GICR,R30
00004b bfe5      	OUT  MCUCR,R30
                 
                 ;CLEAR R2-R14
00004c e08d      	LDI  R24,(14-2)+1
00004d e0a2      	LDI  R26,2
00004e 27bb      	CLR  R27
                 __CLEAR_REG:
00004f 93ed      	ST   X+,R30
000050 958a      	DEC  R24
000051 f7e9      	BRNE __CLEAR_REG
                 
                 ;CLEAR SRAM
000052 e080      	LDI  R24,LOW(__CLEAR_SRAM_SIZE)
000053 e098      	LDI  R25,HIGH(__CLEAR_SRAM_SIZE)
000054 e6a0      	LDI  R26,__SRAM_START
                 __CLEAR_SRAM:
000055 93ed      	ST   X+,R30
000056 9701      	SBIW R24,1
000057 f7e9      	BRNE __CLEAR_SRAM
                 
                 ;GLOBAL VARIABLES INITIALIZATION
000058 e7ec      	LDI  R30,LOW(__GLOBAL_INI_TBL*2)
000059 e0f0      	LDI  R31,HIGH(__GLOBAL_INI_TBL*2)
                 __GLOBAL_INI_NEXT:
00005a 9185      	LPM  R24,Z+
00005b 9195      	LPM  R25,Z+
00005c 9700      	SBIW R24,0
00005d f061      	BREQ __GLOBAL_INI_END
00005e 91a5      	LPM  R26,Z+
00005f 91b5      	LPM  R27,Z+
000060 9005      	LPM  R0,Z+
000061 9015      	LPM  R1,Z+
000062 01bf      	MOVW R22,R30
000063 01f0      	MOVW R30,R0
                 __GLOBAL_INI_LOOP:
000064 9005      	LPM  R0,Z+
000065 920d      	ST   X+,R0
000066 9701      	SBIW R24,1
000067 f7e1      	BRNE __GLOBAL_INI_LOOP
000068 01fb      	MOVW R30,R22
000069 cff0      	RJMP __GLOBAL_INI_NEXT
                 __GLOBAL_INI_END:
                 
                 ;HARDWARE STACK POINTER INITIALIZATION
00006a e5ef      	LDI  R30,LOW(__SRAM_END-__HEAP_SIZE)
00006b bfed      	OUT  SPL,R30
00006c e0e8      	LDI  R30,HIGH(__SRAM_END-__HEAP_SIZE)
00006d bfee      	OUT  SPH,R30
                 
                 ;DATA STACK POINTER INITIALIZATION
00006e e6c0      	LDI  R28,LOW(__SRAM_START+__DSTACK_SIZE)
00006f e0d2      	LDI  R29,HIGH(__SRAM_START+__DSTACK_SIZE)
                 
000070 940c 0086 	JMP  _main
                 
                 	.ESEG
                 	.ORG 0
                 
                 	.DSEG
                 	.ORG 0x260
                 
                 	.CSEG
                 ;#include <mega32.h>
                 	#ifndef __SLEEP_DEFINED__
                 	#define __SLEEP_DEFINED__
                 	.EQU __se_bit=0x80
                 	.EQU __sm_mask=0x70
                 	.EQU __sm_powerdown=0x20
                 	.EQU __sm_powersave=0x30
                 	.EQU __sm_standby=0x60
                 	.EQU __sm_ext_standby=0x70
                 	.EQU __sm_adc_noise_red=0x10
                 	.SET power_ctrl_reg=mcucr
                 	#endif
                 ;#include <lcd.h>
                 ;#include <delay.h>
                 ;#include <stdio.h>
                 ;#asm
                      .equ __lcd_port=0x1B ;PORTA
                 ; 0000 0007 #endasm
                 ;bit pulse_enable=1;
                 ; // External Interrupt 0 service routine
                 ;interrupt [EXT_INT0] void ext_int0_isr(void)
                 ; 0000 000B {
                 
                 	.CSEG
                 _ext_int0_isr:
                 ; .FSTART _ext_int0_isr
000072 93ea      	ST   -Y,R30
000073 b7ef      	IN   R30,SREG
                 ; 0000 000C   // Place your code here
                 ; 0000 000D    pulse_enable=0;
000074 94e8      	CLT
000075 f820      	BLD  R2,0
                 ; 0000 000E }
000076 bfef      	OUT  SREG,R30
000077 91e9      	LD   R30,Y+
000078 9518      	RETI
                 ; .FEND
                 ; // Timer1 output compare A interrupt service routine
                 ; interrupt [TIM1_COMPA] void timer1_compa_isr(void)
                 ; 0000 0011  {
                 _timer1_compa_isr:
                 ; .FSTART _timer1_compa_isr
000079 93ea      	ST   -Y,R30
                 ; 0000 0012      if(!pulse_enable){
00007a fc20      	SBRC R2,0
00007b c003      	RJMP _0x3
                 ; 0000 0013                        DDRB=0x04;
00007c e0e4      	LDI  R30,LOW(4)
00007d bbe7      	OUT  0x17,R30
                 ; 0000 0014                        PORTB.2=1;
00007e c004      	RJMP _0x11
                 ; 0000 0015                        }
                 ; 0000 0016      else{
                 _0x3:
                 ; 0000 0017         if (PORTB.2==1)PORTB.2=0;
00007f 9bc2      	SBIS 0x18,2
000080 c002      	RJMP _0x7
000081 98c2      	CBI  0x18,2
                 ; 0000 0018         else PORTB.2=1;
000082 c001      	RJMP _0xA
                 _0x7:
                 _0x11:
000083 9ac2      	SBI  0x18,2
                 ; 0000 0019         }
                 _0xA:
                 ; 0000 001A  }
000084 91e9      	LD   R30,Y+
000085 9518      	RETI
                 ; .FEND
                 ;
                 ;void main(void)
                 ; 0000 001D {
                 _main:
                 ; .FSTART _main
                 ; 0000 001E char lcd_buffer[16];
                 ; 0000 001F unsigned char timer0;
                 ; 0000 0020  // Input/Output Ports initialization
                 ; 0000 0021  // Port B initialization
                 ; 0000 0022  PORTB=0x00;
000086 9760      	SBIW R28,16
                 ;	lcd_buffer -> Y+0
                 ;	timer0 -> R17
000087 e0e0      	LDI  R30,LOW(0)
000088 bbe8      	OUT  0x18,R30
                 ; 0000 0023  DDRB=0x04;
000089 e0e4      	LDI  R30,LOW(4)
00008a bbe7      	OUT  0x17,R30
                 ; 0000 0024  // Timer/Counter 0 initialization
                 ; 0000 0025  // Clock source: T0 pin Falling Edge
                 ; 0000 0026  // Mode: Normal top=0xFF
                 ; 0000 0027  // OC0 output: Disconnected
                 ; 0000 0028  TCCR0=0xFF;
00008b efef      	LDI  R30,LOW(255)
00008c bfe3      	OUT  0x33,R30
                 ; 0000 0029  TCNT0=0x00;
00008d e0e0      	LDI  R30,LOW(0)
00008e bfe2      	OUT  0x32,R30
                 ; 0000 002A  OCR0=0x00;
00008f bfec      	OUT  0x3C,R30
                 ; 0000 002B  // Timer/Counter 1 initialization
                 ; 0000 002C  // Clock source: System Clock
                 ; 0000 002D  // Clock value: 1000.000 kHz
                 ; 0000 002E  // Mode: Normal top=0xFFFF
                 ; 0000 002F  // OC1A output: Discon.
                 ; 0000 0030  // OC1B output: Discon.
                 ; 0000 0031  // Noise Canceler: Off
                 ; 0000 0032  // Input Capture on Falling Edge
                 ; 0000 0033  // Timer1 Overflow Interrupt: Off
                 ; 0000 0034  // Input Capture Interrupt: Off
                 ; 0000 0035  // Compare A Match Interrupt: On
                 ; 0000 0036  // Compare B Match Interrupt: Off
                 ; 0000 0037  TCCR1A=0x00;
000090 bdef      	OUT  0x2F,R30
                 ; 0000 0038  TCCR1B=0x01;
000091 e0e1      	LDI  R30,LOW(1)
000092 bdee      	OUT  0x2E,R30
                 ; 0000 0039  TCNT1H=0x00;
000093 e0e0      	LDI  R30,LOW(0)
000094 bded      	OUT  0x2D,R30
                 ; 0000 003A  TCNT1L=0x00;
000095 bdec      	OUT  0x2C,R30
                 ; 0000 003B  ICR1H=0x00;
000096 bde7      	OUT  0x27,R30
                 ; 0000 003C  ICR1L=0x00;
000097 bde6      	OUT  0x26,R30
                 ; 0000 003D  OCR1AH=0x01;
000098 e0e1      	LDI  R30,LOW(1)
000099 bdeb      	OUT  0x2B,R30
                 ; 0000 003E  OCR1AL=0xF3;
00009a efe3      	LDI  R30,LOW(243)
00009b bdea      	OUT  0x2A,R30
                 ; 0000 003F  OCR1BH=0x00;
00009c e0e0      	LDI  R30,LOW(0)
00009d bde9      	OUT  0x29,R30
                 ; 0000 0040  OCR1BL=0x00;
00009e bde8      	OUT  0x28,R30
                 ; 0000 0041  // External Interrupt(s) initialization
                 ; 0000 0042  // INT0: On
                 ; 0000 0043  // INT0 Mode: Falling Edge
                 ; 0000 0044  // INT1: Off
                 ; 0000 0045  // INT2: Off
                 ; 0000 0046  GICR|=0x40;
00009f b7eb      	IN   R30,0x3B
0000a0 64e0      	ORI  R30,0x40
0000a1 bfeb      	OUT  0x3B,R30
                 ; 0000 0047  MCUCR=0x02;
0000a2 e0e2      	LDI  R30,LOW(2)
0000a3 bfe5      	OUT  0x35,R30
                 ; 0000 0048  MCUCSR=0x00;
0000a4 e0e0      	LDI  R30,LOW(0)
0000a5 bfe4      	OUT  0x34,R30
                 ; 0000 0049  GIFR=0x40;
0000a6 e4e0      	LDI  R30,LOW(64)
0000a7 bfea      	OUT  0x3A,R30
                 ; 0000 004A  // Timer(s)/Counter(s) Interrupt(s) initialization
                 ; 0000 004B  TIMSK=0x10;
0000a8 e1e0      	LDI  R30,LOW(16)
0000a9 bfe9      	OUT  0x39,R30
                 ; 0000 004C  TWCR=0x00;
0000aa e0e0      	LDI  R30,LOW(0)
0000ab bfe6      	OUT  0x36,R30
                 ; 0000 004D  lcd_init(16);
0000ac e1a0      	LDI  R26,LOW(16)
0000ad 940e 0171 	CALL _lcd_init
                 ; 0000 004E  // Global enable interrupts
                 ; 0000 004F  #asm("sei")
0000af 9478      	sei
                 ; 0000 0050  while (1)
                 _0xD:
                 ; 0000 0051  {
                 ; 0000 0052  // Place your code here
                 ; 0000 0053  timer0=TCNT0;
0000b0 b712      	IN   R17,50
                 ; 0000 0054  lcd_clear();
0000b1 940e 0122 	CALL _lcd_clear
                 ; 0000 0055  sprintf(lcd_buffer,"Timer0 Value: %d",timer0);
0000b3 01fe      	MOVW R30,R28
0000b4 93fa      	ST   -Y,R31
0000b5 93ea      	ST   -Y,R30
                +
0000b6 e6e8     +LDI R30 , LOW ( 2 * _0x0 + ( 0 ) )
0000b7 e0f0     +LDI R31 , HIGH ( 2 * _0x0 + ( 0 ) )
                 	__POINTW1FN _0x0,0
0000b8 93fa      	ST   -Y,R31
0000b9 93ea      	ST   -Y,R30
0000ba 2fe1      	MOV  R30,R17
0000bb 27ff      	CLR  R31
0000bc 2766      	CLR  R22
0000bd 2777      	CLR  R23
0000be 940e 03b4 	CALL __PUTPARD1
0000c0 e084      	LDI  R24,4
0000c1 940e 0318 	CALL _sprintf
0000c3 9628      	ADIW R28,8
                 ; 0000 0056  lcd_gotoxy(0,0);
0000c4 e0e0      	LDI  R30,LOW(0)
0000c5 93ea      	ST   -Y,R30
0000c6 e0a0      	LDI  R26,LOW(0)
0000c7 940e 0112 	CALL _lcd_gotoxy
                 ; 0000 0057  lcd_puts(lcd_buffer);
0000c9 01de      	MOVW R26,R28
0000ca 940e 014f 	CALL _lcd_puts
                 ; 0000 0058  delay_ms(500);
0000cc efa4      	LDI  R26,LOW(500)
0000cd e0b1      	LDI  R27,HIGH(500)
0000ce 940e 039a 	CALL _delay_ms
                 ; 0000 0059  }
0000d0 cfdf      	RJMP _0xD
                 ; 0000 005A  }
                 _0x10:
0000d1 cfff      	RJMP _0x10
                 ; .FEND
                     .equ __lcd_direction=__lcd_port-1
                     .equ __lcd_pin=__lcd_port-2
                     .equ __lcd_rs=0
                     .equ __lcd_rd=1
                     .equ __lcd_enable=2
                     .equ __lcd_busy_flag=7
                 
                 	.DSEG
                 
                 	.CSEG
                 __lcd_delay_G100:
                 ; .FSTART __lcd_delay_G100
0000d2 e0ff          ldi   r31,15
                 __lcd_delay0:
0000d3 95fa          dec   r31
0000d4 f7f1          brne  __lcd_delay0
0000d5 9508      	RET
                 ; .FEND
                 __lcd_ready:
                 ; .FSTART __lcd_ready
0000d6 b3aa          in    r26,__lcd_direction
0000d7 70af          andi  r26,0xf                 ;set as input
0000d8 bbaa          out   __lcd_direction,r26
0000d9 9ad9          sbi   __lcd_port,__lcd_rd     ;RD=1
0000da 98d8          cbi   __lcd_port,__lcd_rs     ;RS=0
                 __lcd_busy:
0000db dff6      	RCALL __lcd_delay_G100
0000dc 9ada          sbi   __lcd_port,__lcd_enable ;EN=1
0000dd dff4      	RCALL __lcd_delay_G100
0000de b3a9          in    r26,__lcd_pin
0000df 98da          cbi   __lcd_port,__lcd_enable ;EN=0
0000e0 dff1      	RCALL __lcd_delay_G100
0000e1 9ada          sbi   __lcd_port,__lcd_enable ;EN=1
0000e2 dfef      	RCALL __lcd_delay_G100
0000e3 98da          cbi   __lcd_port,__lcd_enable ;EN=0
0000e4 fda7          sbrc  r26,__lcd_busy_flag
0000e5 cff5          rjmp  __lcd_busy
0000e6 9508      	RET
                 ; .FEND
                 __lcd_write_nibble_G100:
                 ; .FSTART __lcd_write_nibble_G100
0000e7 7fa0          andi  r26,0xf0
0000e8 2bab          or    r26,r27
0000e9 bbab          out   __lcd_port,r26          ;write
0000ea 9ada          sbi   __lcd_port,__lcd_enable ;EN=1
0000eb 940e 00d2 	CALL __lcd_delay_G100
0000ed 98da          cbi   __lcd_port,__lcd_enable ;EN=0
0000ee 940e 00d2 	CALL __lcd_delay_G100
0000f0 9508      	RET
                 ; .FEND
                 __lcd_write_data:
                 ; .FSTART __lcd_write_data
0000f1 93aa      	ST   -Y,R26
0000f2 98d9          cbi  __lcd_port,__lcd_rd 	  ;RD=0
0000f3 b3aa          in    r26,__lcd_direction
0000f4 6fa7          ori   r26,0xf0 | (1<<__lcd_rs) | (1<<__lcd_rd) | (1<<__lcd_enable) ;set as output
0000f5 bbaa          out   __lcd_direction,r26
0000f6 b3bb          in    r27,__lcd_port
0000f7 70bf          andi  r27,0xf
0000f8 81a8          ld    r26,y
0000f9 dfed      	RCALL __lcd_write_nibble_G100
0000fa 81a8          ld    r26,y
0000fb 95a2          swap  r26
0000fc dfea      	RCALL __lcd_write_nibble_G100
0000fd 9ad9          sbi   __lcd_port,__lcd_rd     ;RD=1
0000fe 940c 01a2 	JMP  _0x2080002
                 ; .FEND
                 __lcd_read_nibble_G100:
                 ; .FSTART __lcd_read_nibble_G100
000100 9ada          sbi   __lcd_port,__lcd_enable ;EN=1
000101 940e 00d2 	CALL __lcd_delay_G100
000103 b3e9          in    r30,__lcd_pin           ;read
000104 98da          cbi   __lcd_port,__lcd_enable ;EN=0
000105 940e 00d2 	CALL __lcd_delay_G100
000107 7fe0          andi  r30,0xf0
000108 9508      	RET
                 ; .FEND
                 _lcd_read_byte0_G100:
                 ; .FSTART _lcd_read_byte0_G100
000109 940e 00d2 	CALL __lcd_delay_G100
00010b dff4      	RCALL __lcd_read_nibble_G100
00010c 2fae          mov   r26,r30
00010d dff2      	RCALL __lcd_read_nibble_G100
00010e 98d9          cbi   __lcd_port,__lcd_rd     ;RD=0
00010f 95e2          swap  r30
000110 2bea          or    r30,r26
000111 9508      	RET
                 ; .FEND
                 _lcd_gotoxy:
                 ; .FSTART _lcd_gotoxy
000112 93aa      	ST   -Y,R26
000113 940e 00d6 	CALL __lcd_ready
000115 81e8      	LD   R30,Y
000116 e0f0      	LDI  R31,0
000117 5ae0      	SUBI R30,LOW(-__base_y_G100)
000118 4ffd      	SBCI R31,HIGH(-__base_y_G100)
000119 81e0      	LD   R30,Z
00011a 81a9      	LDD  R26,Y+1
00011b 0fae      	ADD  R26,R30
00011c 940e 00f1 	CALL __lcd_write_data
00011e 8059      	LDD  R5,Y+1
00011f 8048      	LDD  R4,Y+0
000120 9622      	ADIW R28,2
000121 9508      	RET
                 ; .FEND
                 _lcd_clear:
                 ; .FSTART _lcd_clear
000122 940e 00d6 	CALL __lcd_ready
000124 e0a2      	LDI  R26,LOW(2)
000125 940e 00f1 	CALL __lcd_write_data
000127 940e 00d6 	CALL __lcd_ready
000129 e0ac      	LDI  R26,LOW(12)
00012a 940e 00f1 	CALL __lcd_write_data
00012c 940e 00d6 	CALL __lcd_ready
00012e e0a1      	LDI  R26,LOW(1)
00012f 940e 00f1 	CALL __lcd_write_data
000131 e0e0      	LDI  R30,LOW(0)
000132 2e4e      	MOV  R4,R30
000133 2e5e      	MOV  R5,R30
000134 9508      	RET
                 ; .FEND
                 _lcd_putchar:
                 ; .FSTART _lcd_putchar
000135 93aa      	ST   -Y,R26
000136 93ef          push r30
000137 93ff          push r31
000138 81a8          ld   r26,y
000139 9468          set
00013a 30aa          cpi  r26,10
00013b f019          breq __lcd_putchar1
00013c 94e8          clt
00013d 1457      	CP   R5,R7
00013e f030      	BRLO _0x2000004
                 	__lcd_putchar1:
00013f 9443      	INC  R4
000140 e0e0      	LDI  R30,LOW(0)
000141 93ea      	ST   -Y,R30
000142 2da4      	MOV  R26,R4
000143 dfce      	RCALL _lcd_gotoxy
000144 f036      	brts __lcd_putchar0
                 _0x2000004:
000145 9453      	INC  R5
000146 df8f          rcall __lcd_ready
000147 9ad8          sbi  __lcd_port,__lcd_rs ;RS=1
000148 81a8      	LD   R26,Y
000149 940e 00f1 	CALL __lcd_write_data
                 __lcd_putchar0:
00014b 91ff          pop  r31
00014c 91ef          pop  r30
00014d 940c 01a2 	JMP  _0x2080002
                 ; .FEND
                 _lcd_puts:
                 ; .FSTART _lcd_puts
00014f 93ba      	ST   -Y,R27
000150 93aa      	ST   -Y,R26
000151 931a      	ST   -Y,R17
                 _0x2000005:
000152 81a9      	LDD  R26,Y+1
000153 81ba      	LDD  R27,Y+1+1
000154 91ed      	LD   R30,X+
000155 83a9      	STD  Y+1,R26
000156 83ba      	STD  Y+1+1,R27
000157 2f1e      	MOV  R17,R30
000158 30e0      	CPI  R30,0
000159 f019      	BREQ _0x2000007
00015a 2fa1      	MOV  R26,R17
00015b dfd9      	RCALL _lcd_putchar
00015c cff5      	RJMP _0x2000005
                 _0x2000007:
00015d 8118      	LDD  R17,Y+0
00015e 9623      	ADIW R28,3
00015f 9508      	RET
                 ; .FEND
                 __long_delay_G100:
                 ; .FSTART __long_delay_G100
000160 27aa          clr   r26
000161 27bb          clr   r27
                 __long_delay0:
000162 9711          sbiw  r26,1         ;2 cycles
000163 f7f1          brne  __long_delay0 ;2 cycles
000164 9508      	RET
                 ; .FEND
                 __lcd_init_write_G100:
                 ; .FSTART __lcd_init_write_G100
000165 93aa      	ST   -Y,R26
000166 98d9          cbi  __lcd_port,__lcd_rd 	  ;RD=0
000167 b3aa          in    r26,__lcd_direction
000168 6fa7          ori   r26,0xf7                ;set as output
000169 bbaa          out   __lcd_direction,r26
00016a b3bb          in    r27,__lcd_port
00016b 70bf          andi  r27,0xf
00016c 81a8          ld    r26,y
00016d 940e 00e7 	CALL __lcd_write_nibble_G100
00016f 9ad9          sbi   __lcd_port,__lcd_rd     ;RD=1
000170 c031      	RJMP _0x2080002
                 ; .FEND
                 _lcd_init:
                 ; .FSTART _lcd_init
000171 93aa      	ST   -Y,R26
000172 98da          cbi   __lcd_port,__lcd_enable ;EN=0
000173 98d8          cbi   __lcd_port,__lcd_rs     ;RS=0
000174 8078      	LDD  R7,Y+0
000175 81e8      	LD   R30,Y
000176 58e0      	SUBI R30,-LOW(128)
                +
000177 93e0 0262+STS __base_y_G100 + ( 2 ) , R30
                 	__PUTB1MN __base_y_G100,2
000179 81e8      	LD   R30,Y
00017a 54e0      	SUBI R30,-LOW(192)
                +
00017b 93e0 0263+STS __base_y_G100 + ( 3 ) , R30
                 	__PUTB1MN __base_y_G100,3
00017d 940e 0365 	CALL SUBOPT_0x0
00017f 940e 0365 	CALL SUBOPT_0x0
000181 940e 0365 	CALL SUBOPT_0x0
000183 dfdc      	RCALL __long_delay_G100
000184 e2a0      	LDI  R26,LOW(32)
000185 dfdf      	RCALL __lcd_init_write_G100
000186 dfd9      	RCALL __long_delay_G100
000187 e2a8      	LDI  R26,LOW(40)
000188 940e 036a 	CALL SUBOPT_0x1
00018a e0a4      	LDI  R26,LOW(4)
00018b 940e 036a 	CALL SUBOPT_0x1
00018d e8a5      	LDI  R26,LOW(133)
00018e 940e 036a 	CALL SUBOPT_0x1
000190 b3aa          in    r26,__lcd_direction
000191 70af          andi  r26,0xf                 ;set as input
000192 bbaa          out   __lcd_direction,r26
000193 9ad9          sbi   __lcd_port,__lcd_rd     ;RD=1
000194 940e 0109 	CALL _lcd_read_byte0_G100
000196 30e5      	CPI  R30,LOW(0x5)
000197 f011      	BREQ _0x200000B
000198 e0e0      	LDI  R30,LOW(0)
000199 c008      	RJMP _0x2080002
                 _0x200000B:
00019a 940e 00d6 	CALL __lcd_ready
00019c e0a6      	LDI  R26,LOW(6)
00019d 940e 00f1 	CALL __lcd_write_data
00019f 940e 0122 	CALL _lcd_clear
0001a1 e0e1      	LDI  R30,LOW(1)
                 _0x2080002:
0001a2 9621      	ADIW R28,1
0001a3 9508      	RET
                 ; .FEND
                 	#ifndef __SLEEP_DEFINED__
                 	#endif
                 
                 	.CSEG
                 _put_buff_G101:
                 ; .FSTART _put_buff_G101
0001a4 93ba      	ST   -Y,R27
0001a5 93aa      	ST   -Y,R26
0001a6 931a      	ST   -Y,R17
0001a7 930a      	ST   -Y,R16
0001a8 81aa      	LDD  R26,Y+2
0001a9 81bb      	LDD  R27,Y+2+1
0001aa 9612      	ADIW R26,2
0001ab 940e 03ac 	CALL __GETW1P
0001ad 9730      	SBIW R30,0
0001ae f159      	BREQ _0x2020010
0001af 81aa      	LDD  R26,Y+2
0001b0 81bb      	LDD  R27,Y+2+1
0001b1 9614      	ADIW R26,4
0001b2 940e 03ac 	CALL __GETW1P
0001b4 018f      	MOVW R16,R30
0001b5 9730      	SBIW R30,0
0001b6 f061      	BREQ _0x2020012
                +
0001b7 3002     +CPI R16 , LOW ( 2 )
0001b8 e0e0     +LDI R30 , HIGH ( 2 )
0001b9 071e     +CPC R17 , R30
                 	__CPWRN 16,17,2
0001ba f098      	BRLO _0x2020013
0001bb 01f8      	MOVW R30,R16
0001bc 9731      	SBIW R30,1
0001bd 018f      	MOVW R16,R30
                +
0001be 81aa     +LDD R26 , Y + 2
0001bf 81bb     +LDD R27 , Y + 2 + 1
0001c0 9614     +ADIW R26 , 4
0001c1 93ed     +ST X + , R30
0001c2 93fc     +ST X , R31
                 	__PUTW1SNS 2,4
                 _0x2020012:
0001c3 81aa      	LDD  R26,Y+2
0001c4 81bb      	LDD  R27,Y+2+1
0001c5 9612      	ADIW R26,2
0001c6 91ed      	LD   R30,X+
0001c7 91fd      	LD   R31,X+
0001c8 9631      	ADIW R30,1
0001c9 93fe      	ST   -X,R31
0001ca 93ee      	ST   -X,R30
0001cb 9731      	SBIW R30,1
0001cc 81ac      	LDD  R26,Y+4
0001cd 83a0      	STD  Z+0,R26
                 _0x2020013:
0001ce 81aa      	LDD  R26,Y+2
0001cf 81bb      	LDD  R27,Y+2+1
0001d0 940e 03ac 	CALL __GETW1P
0001d2 23ff      	TST  R31
0001d3 f02a      	BRMI _0x2020014
0001d4 91ed      	LD   R30,X+
0001d5 91fd      	LD   R31,X+
0001d6 9631      	ADIW R30,1
0001d7 93fe      	ST   -X,R31
0001d8 93ee      	ST   -X,R30
                 _0x2020014:
0001d9 c006      	RJMP _0x2020015
                 _0x2020010:
0001da 81aa      	LDD  R26,Y+2
0001db 81bb      	LDD  R27,Y+2+1
0001dc efef      	LDI  R30,LOW(65535)
0001dd efff      	LDI  R31,HIGH(65535)
0001de 93ed      	ST   X+,R30
0001df 93fc      	ST   X,R31
                 _0x2020015:
0001e0 8119      	LDD  R17,Y+1
0001e1 8108      	LDD  R16,Y+0
0001e2 9625      	ADIW R28,5
0001e3 9508      	RET
                 ; .FEND
                 __print_G101:
                 ; .FSTART __print_G101
0001e4 93ba      	ST   -Y,R27
0001e5 93aa      	ST   -Y,R26
0001e6 9726      	SBIW R28,6
0001e7 940e 03b9 	CALL __SAVELOCR6
0001e9 e010      	LDI  R17,0
0001ea 85ac      	LDD  R26,Y+12
0001eb 85bd      	LDD  R27,Y+12+1
0001ec e0e0      	LDI  R30,LOW(0)
0001ed e0f0      	LDI  R31,HIGH(0)
0001ee 93ed      	ST   X+,R30
0001ef 93fc      	ST   X,R31
                 _0x2020016:
0001f0 89ea      	LDD  R30,Y+18
0001f1 89fb      	LDD  R31,Y+18+1
0001f2 9631      	ADIW R30,1
0001f3 8bea      	STD  Y+18,R30
0001f4 8bfb      	STD  Y+18+1,R31
0001f5 9731      	SBIW R30,1
0001f6 91e4      	LPM  R30,Z
0001f7 2f2e      	MOV  R18,R30
0001f8 30e0      	CPI  R30,0
0001f9 f409      	BRNE PC+2
0001fa c115      	RJMP _0x2020018
0001fb 2fe1      	MOV  R30,R17
0001fc 30e0      	CPI  R30,0
0001fd f439      	BRNE _0x202001C
0001fe 3225      	CPI  R18,37
0001ff f411      	BRNE _0x202001D
000200 e011      	LDI  R17,LOW(1)
000201 c002      	RJMP _0x202001E
                 _0x202001D:
000202 940e 036e 	CALL SUBOPT_0x2
                 _0x202001E:
000204 c10a      	RJMP _0x202001B
                 _0x202001C:
000205 30e1      	CPI  R30,LOW(0x1)
000206 f4a9      	BRNE _0x202001F
000207 3225      	CPI  R18,37
000208 f419      	BRNE _0x2020020
000209 940e 036e 	CALL SUBOPT_0x2
00020b c102      	RJMP _0x20200CC
                 _0x2020020:
00020c e012      	LDI  R17,LOW(2)
00020d e040      	LDI  R20,LOW(0)
00020e e000      	LDI  R16,LOW(0)
00020f 322d      	CPI  R18,45
000210 f411      	BRNE _0x2020021
000211 e001      	LDI  R16,LOW(1)
000212 c0fc      	RJMP _0x202001B
                 _0x2020021:
000213 322b      	CPI  R18,43
000214 f411      	BRNE _0x2020022
000215 e24b      	LDI  R20,LOW(43)
000216 c0f8      	RJMP _0x202001B
                 _0x2020022:
000217 3220      	CPI  R18,32
000218 f411      	BRNE _0x2020023
000219 e240      	LDI  R20,LOW(32)
00021a c0f4      	RJMP _0x202001B
                 _0x2020023:
00021b c002      	RJMP _0x2020024
                 _0x202001F:
00021c 30e2      	CPI  R30,LOW(0x2)
00021d f439      	BRNE _0x2020025
                 _0x2020024:
00021e e050      	LDI  R21,LOW(0)
00021f e013      	LDI  R17,LOW(3)
000220 3320      	CPI  R18,48
000221 f411      	BRNE _0x2020026
000222 6800      	ORI  R16,LOW(128)
000223 c0eb      	RJMP _0x202001B
                 _0x2020026:
000224 c003      	RJMP _0x2020027
                 _0x2020025:
000225 30e3      	CPI  R30,LOW(0x3)
000226 f009      	BREQ PC+2
000227 c0e7      	RJMP _0x202001B
                 _0x2020027:
000228 3320      	CPI  R18,48
000229 f010      	BRLO _0x202002A
00022a 332a      	CPI  R18,58
00022b f008      	BRLO _0x202002B
                 _0x202002A:
00022c c007      	RJMP _0x2020029
                 _0x202002B:
00022d e0aa      	LDI  R26,LOW(10)
00022e 9f5a      	MUL  R21,R26
00022f 2d50      	MOV  R21,R0
000230 2fe2      	MOV  R30,R18
000231 53e0      	SUBI R30,LOW(48)
000232 0f5e      	ADD  R21,R30
000233 c0db      	RJMP _0x202001B
                 _0x2020029:
000234 2fe2      	MOV  R30,R18
000235 36e3      	CPI  R30,LOW(0x63)
000236 f449      	BRNE _0x202002F
000237 940e 0375 	CALL SUBOPT_0x3
000239 89e8      	LDD  R30,Y+16
00023a 89f9      	LDD  R31,Y+16+1
00023b 81a4      	LDD  R26,Z+4
00023c 93aa      	ST   -Y,R26
00023d 940e 037b 	CALL SUBOPT_0x4
00023f c0ce      	RJMP _0x2020030
                 _0x202002F:
000240 37e3      	CPI  R30,LOW(0x73)
000241 f441      	BRNE _0x2020032
000242 940e 0375 	CALL SUBOPT_0x3
000244 940e 0381 	CALL SUBOPT_0x5
000246 940e 034c 	CALL _strlen
000248 2f1e      	MOV  R17,R30
000249 c00a      	RJMP _0x2020033
                 _0x2020032:
00024a 37e0      	CPI  R30,LOW(0x70)
00024b f461      	BRNE _0x2020035
00024c 940e 0375 	CALL SUBOPT_0x3
00024e 940e 0381 	CALL SUBOPT_0x5
000250 940e 0358 	CALL _strlenf
000252 2f1e      	MOV  R17,R30
000253 6008      	ORI  R16,LOW(8)
                 _0x2020033:
000254 6002      	ORI  R16,LOW(2)
000255 770f      	ANDI R16,LOW(127)
000256 e030      	LDI  R19,LOW(0)
000257 c034      	RJMP _0x2020036
                 _0x2020035:
000258 36e4      	CPI  R30,LOW(0x64)
000259 f011      	BREQ _0x2020039
00025a 36e9      	CPI  R30,LOW(0x69)
00025b f411      	BRNE _0x202003A
                 _0x2020039:
00025c 6004      	ORI  R16,LOW(4)
00025d c002      	RJMP _0x202003B
                 _0x202003A:
00025e 37e5      	CPI  R30,LOW(0x75)
00025f f431      	BRNE _0x202003C
                 _0x202003B:
000260 e5e4      	LDI  R30,LOW(_tbl10_G101*2)
000261 e0f0      	LDI  R31,HIGH(_tbl10_G101*2)
000262 83ee      	STD  Y+6,R30
000263 83ff      	STD  Y+6+1,R31
000264 e015      	LDI  R17,LOW(5)
000265 c00c      	RJMP _0x202003D
                 _0x202003C:
000266 35e8      	CPI  R30,LOW(0x58)
000267 f411      	BRNE _0x202003F
000268 6008      	ORI  R16,LOW(8)
000269 c003      	RJMP _0x2020040
                 _0x202003F:
00026a 37e8      	CPI  R30,LOW(0x78)
00026b f009      	BREQ PC+2
00026c c0a1      	RJMP _0x2020071
                 _0x2020040:
00026d e5ee      	LDI  R30,LOW(_tbl16_G101*2)
00026e e0f0      	LDI  R31,HIGH(_tbl16_G101*2)
00026f 83ee      	STD  Y+6,R30
000270 83ff      	STD  Y+6+1,R31
000271 e014      	LDI  R17,LOW(4)
                 _0x202003D:
000272 ff02      	SBRS R16,2
000273 c014      	RJMP _0x2020042
000274 940e 0375 	CALL SUBOPT_0x3
000276 940e 038b 	CALL SUBOPT_0x6
000278 85ab      	LDD  R26,Y+11
000279 23aa      	TST  R26
00027a f43a      	BRPL _0x2020043
00027b 85ea      	LDD  R30,Y+10
00027c 85fb      	LDD  R31,Y+10+1
00027d 940e 03a8 	CALL __ANEGW1
00027f 87ea      	STD  Y+10,R30
000280 87fb      	STD  Y+10+1,R31
000281 e24d      	LDI  R20,LOW(45)
                 _0x2020043:
000282 3040      	CPI  R20,0
000283 f011      	BREQ _0x2020044
000284 5f1f      	SUBI R17,-LOW(1)
000285 c001      	RJMP _0x2020045
                 _0x2020044:
000286 7f0b      	ANDI R16,LOW(251)
                 _0x2020045:
000287 c004      	RJMP _0x2020046
                 _0x2020042:
000288 940e 0375 	CALL SUBOPT_0x3
00028a 940e 038b 	CALL SUBOPT_0x6
                 _0x2020046:
                 _0x2020036:
00028c fd00      	SBRC R16,0
00028d c011      	RJMP _0x2020047
                 _0x2020048:
00028e 1715      	CP   R17,R21
00028f f478      	BRSH _0x202004A
000290 ff07      	SBRS R16,7
000291 c008      	RJMP _0x202004B
000292 ff02      	SBRS R16,2
000293 c004      	RJMP _0x202004C
000294 7f0b      	ANDI R16,LOW(251)
000295 2f24      	MOV  R18,R20
000296 5011      	SUBI R17,LOW(1)
000297 c001      	RJMP _0x202004D
                 _0x202004C:
000298 e320      	LDI  R18,LOW(48)
                 _0x202004D:
000299 c001      	RJMP _0x202004E
                 _0x202004B:
00029a e220      	LDI  R18,LOW(32)
                 _0x202004E:
00029b 940e 036e 	CALL SUBOPT_0x2
00029d 5051      	SUBI R21,LOW(1)
00029e cfef      	RJMP _0x2020048
                 _0x202004A:
                 _0x2020047:
00029f 2f31      	MOV  R19,R17
0002a0 ff01      	SBRS R16,1
0002a1 c017      	RJMP _0x202004F
                 _0x2020050:
0002a2 3030      	CPI  R19,0
0002a3 f0a1      	BREQ _0x2020052
0002a4 ff03      	SBRS R16,3
0002a5 c006      	RJMP _0x2020053
0002a6 81ee      	LDD  R30,Y+6
0002a7 81ff      	LDD  R31,Y+6+1
0002a8 9125      	LPM  R18,Z+
0002a9 83ee      	STD  Y+6,R30
0002aa 83ff      	STD  Y+6+1,R31
0002ab c005      	RJMP _0x2020054
                 _0x2020053:
0002ac 81ae      	LDD  R26,Y+6
0002ad 81bf      	LDD  R27,Y+6+1
0002ae 912d      	LD   R18,X+
0002af 83ae      	STD  Y+6,R26
0002b0 83bf      	STD  Y+6+1,R27
                 _0x2020054:
0002b1 940e 036e 	CALL SUBOPT_0x2
0002b3 3050      	CPI  R21,0
0002b4 f009      	BREQ _0x2020055
0002b5 5051      	SUBI R21,LOW(1)
                 _0x2020055:
0002b6 5031      	SUBI R19,LOW(1)
0002b7 cfea      	RJMP _0x2020050
                 _0x2020052:
0002b8 c04b      	RJMP _0x2020056
                 _0x202004F:
                 _0x2020058:
0002b9 e320      	LDI  R18,LOW(48)
0002ba 81ee      	LDD  R30,Y+6
0002bb 81ff      	LDD  R31,Y+6+1
0002bc 940e 03b0 	CALL __GETW1PF
0002be 87e8      	STD  Y+8,R30
0002bf 87f9      	STD  Y+8+1,R31
0002c0 81ee      	LDD  R30,Y+6
0002c1 81ff      	LDD  R31,Y+6+1
0002c2 9632      	ADIW R30,2
0002c3 83ee      	STD  Y+6,R30
0002c4 83ff      	STD  Y+6+1,R31
                 _0x202005A:
0002c5 85e8      	LDD  R30,Y+8
0002c6 85f9      	LDD  R31,Y+8+1
0002c7 85aa      	LDD  R26,Y+10
0002c8 85bb      	LDD  R27,Y+10+1
0002c9 17ae      	CP   R26,R30
0002ca 07bf      	CPC  R27,R31
0002cb f050      	BRLO _0x202005C
0002cc 5f2f      	SUBI R18,-LOW(1)
0002cd 85a8      	LDD  R26,Y+8
0002ce 85b9      	LDD  R27,Y+8+1
0002cf 85ea      	LDD  R30,Y+10
0002d0 85fb      	LDD  R31,Y+10+1
0002d1 1bea      	SUB  R30,R26
0002d2 0bfb      	SBC  R31,R27
0002d3 87ea      	STD  Y+10,R30
0002d4 87fb      	STD  Y+10+1,R31
0002d5 cfef      	RJMP _0x202005A
                 _0x202005C:
0002d6 332a      	CPI  R18,58
0002d7 f028      	BRLO _0x202005D
0002d8 ff03      	SBRS R16,3
0002d9 c002      	RJMP _0x202005E
0002da 5f29      	SUBI R18,-LOW(7)
0002db c001      	RJMP _0x202005F
                 _0x202005E:
0002dc 5d29      	SUBI R18,-LOW(39)
                 _0x202005F:
                 _0x202005D:
0002dd fd04      	SBRC R16,4
0002de c01a      	RJMP _0x2020061
0002df 3321      	CPI  R18,49
0002e0 f420      	BRSH _0x2020063
0002e1 85a8      	LDD  R26,Y+8
0002e2 85b9      	LDD  R27,Y+8+1
0002e3 9711      	SBIW R26,1
0002e4 f409      	BRNE _0x2020062
                 _0x2020063:
0002e5 c009      	RJMP _0x20200CD
                 _0x2020062:
0002e6 1753      	CP   R21,R19
0002e7 f010      	BRLO _0x2020067
0002e8 ff00      	SBRS R16,0
0002e9 c001      	RJMP _0x2020068
                 _0x2020067:
0002ea c013      	RJMP _0x2020066
                 _0x2020068:
0002eb e220      	LDI  R18,LOW(32)
0002ec ff07      	SBRS R16,7
0002ed c00b      	RJMP _0x2020069
0002ee e320      	LDI  R18,LOW(48)
                 _0x20200CD:
0002ef 6100      	ORI  R16,LOW(16)
0002f0 ff02      	SBRS R16,2
0002f1 c007      	RJMP _0x202006A
0002f2 7f0b      	ANDI R16,LOW(251)
0002f3 934a      	ST   -Y,R20
0002f4 940e 037b 	CALL SUBOPT_0x4
0002f6 3050      	CPI  R21,0
0002f7 f009      	BREQ _0x202006B
0002f8 5051      	SUBI R21,LOW(1)
                 _0x202006B:
                 _0x202006A:
                 _0x2020069:
                 _0x2020061:
0002f9 940e 036e 	CALL SUBOPT_0x2
0002fb 3050      	CPI  R21,0
0002fc f009      	BREQ _0x202006C
0002fd 5051      	SUBI R21,LOW(1)
                 _0x202006C:
                 _0x2020066:
0002fe 5031      	SUBI R19,LOW(1)
0002ff 85a8      	LDD  R26,Y+8
000300 85b9      	LDD  R27,Y+8+1
000301 9712      	SBIW R26,2
000302 f008      	BRLO _0x2020059
000303 cfb5      	RJMP _0x2020058
                 _0x2020059:
                 _0x2020056:
000304 ff00      	SBRS R16,0
000305 c008      	RJMP _0x202006D
                 _0x202006E:
000306 3050      	CPI  R21,0
000307 f031      	BREQ _0x2020070
000308 5051      	SUBI R21,LOW(1)
000309 e2e0      	LDI  R30,LOW(32)
00030a 93ea      	ST   -Y,R30
00030b 940e 037b 	CALL SUBOPT_0x4
00030d cff8      	RJMP _0x202006E
                 _0x2020070:
                 _0x202006D:
                 _0x2020071:
                 _0x2020030:
                 _0x20200CC:
00030e e010      	LDI  R17,LOW(0)
                 _0x202001B:
00030f cee0      	RJMP _0x2020016
                 _0x2020018:
000310 85ac      	LDD  R26,Y+12
000311 85bd      	LDD  R27,Y+12+1
000312 940e 03ac 	CALL __GETW1P
000314 940e 03c0 	CALL __LOADLOCR6
000316 9664      	ADIW R28,20
000317 9508      	RET
                 ; .FEND
                 _sprintf:
                 ; .FSTART _sprintf
000318 92ff      	PUSH R15
000319 2ef8      	MOV  R15,R24
00031a 9726      	SBIW R28,6
00031b 940e 03bb 	CALL __SAVELOCR4
00031d 940e 0393 	CALL SUBOPT_0x7
00031f 9730      	SBIW R30,0
000320 f419      	BRNE _0x2020072
000321 efef      	LDI  R30,LOW(65535)
000322 efff      	LDI  R31,HIGH(65535)
000323 c023      	RJMP _0x2080001
                 _0x2020072:
000324 01de      	MOVW R26,R28
000325 9616      	ADIW R26,6
000326 940e 03a4 	CALL __ADDW2R15
000328 018d      	MOVW R16,R26
000329 940e 0393 	CALL SUBOPT_0x7
00032b 83ee      	STD  Y+6,R30
00032c 83ff      	STD  Y+6+1,R31
00032d e0e0      	LDI  R30,LOW(0)
00032e 87e8      	STD  Y+8,R30
00032f 87e9      	STD  Y+8+1,R30
000330 01de      	MOVW R26,R28
000331 961a      	ADIW R26,10
000332 940e 03a4 	CALL __ADDW2R15
000334 940e 03ac 	CALL __GETW1P
000336 93fa      	ST   -Y,R31
000337 93ea      	ST   -Y,R30
000338 931a      	ST   -Y,R17
000339 930a      	ST   -Y,R16
00033a eae4      	LDI  R30,LOW(_put_buff_G101)
00033b e0f1      	LDI  R31,HIGH(_put_buff_G101)
00033c 93fa      	ST   -Y,R31
00033d 93ea      	ST   -Y,R30
00033e 01de      	MOVW R26,R28
00033f 961a      	ADIW R26,10
000340 dea3      	RCALL __print_G101
000341 019f      	MOVW R18,R30
000342 81ae      	LDD  R26,Y+6
000343 81bf      	LDD  R27,Y+6+1
000344 e0e0      	LDI  R30,LOW(0)
000345 93ec      	ST   X,R30
000346 01f9      	MOVW R30,R18
                 _0x2080001:
000347 940e 03c2 	CALL __LOADLOCR4
000349 962a      	ADIW R28,10
00034a 90ff      	POP  R15
00034b 9508      	RET
                 ; .FEND
                 
                 	.CSEG
                 
                 	.CSEG
                 _strlen:
                 ; .FSTART _strlen
00034c 93ba      	ST   -Y,R27
00034d 93aa      	ST   -Y,R26
00034e 91a9          ld   r26,y+
00034f 91b9          ld   r27,y+
000350 27ee          clr  r30
000351 27ff          clr  r31
                 strlen0:
000352 916d          ld   r22,x+
000353 2366          tst  r22
000354 f011          breq strlen1
000355 9631          adiw r30,1
000356 cffb          rjmp strlen0
                 strlen1:
000357 9508          ret
                 ; .FEND
                 _strlenf:
                 ; .FSTART _strlenf
000358 93ba      	ST   -Y,R27
000359 93aa      	ST   -Y,R26
00035a 27aa          clr  r26
00035b 27bb          clr  r27
00035c 91e9          ld   r30,y+
00035d 91f9          ld   r31,y+
                 strlenf0:
00035e 9005      	lpm  r0,z+
00035f 2000          tst  r0
000360 f011          breq strlenf1
000361 9611          adiw r26,1
000362 cffb          rjmp strlenf0
                 strlenf1:
000363 01fd          movw r30,r26
000364 9508          ret
                 ; .FEND
                 
                 	.DSEG
                 __base_y_G100:
000260           	.BYTE 0x4
                 
                 	.CSEG
                 ;OPTIMIZER ADDED SUBROUTINE, CALLED 3 TIMES, CODE SIZE REDUCTION:3 WORDS
                 SUBOPT_0x0:
000365 940e 0160 	CALL __long_delay_G100
000367 e3a0      	LDI  R26,LOW(48)
000368 940c 0165 	JMP  __lcd_init_write_G100
                 
                 ;OPTIMIZER ADDED SUBROUTINE, CALLED 3 TIMES, CODE SIZE REDUCTION:1 WORDS
                 SUBOPT_0x1:
00036a 940e 00f1 	CALL __lcd_write_data
00036c 940c 0160 	JMP  __long_delay_G100
                 
                 ;OPTIMIZER ADDED SUBROUTINE, CALLED 5 TIMES, CODE SIZE REDUCTION:13 WORDS
                 SUBOPT_0x2:
00036e 932a      	ST   -Y,R18
00036f 85ad      	LDD  R26,Y+13
000370 85be      	LDD  R27,Y+13+1
000371 85ef      	LDD  R30,Y+15
000372 89f8      	LDD  R31,Y+15+1
000373 9509      	ICALL
000374 9508      	RET
                 
                 ;OPTIMIZER ADDED SUBROUTINE, CALLED 5 TIMES, CODE SIZE REDUCTION:9 WORDS
                 SUBOPT_0x3:
000375 89e8      	LDD  R30,Y+16
000376 89f9      	LDD  R31,Y+16+1
000377 9734      	SBIW R30,4
000378 8be8      	STD  Y+16,R30
000379 8bf9      	STD  Y+16+1,R31
00037a 9508      	RET
                 
                 ;OPTIMIZER ADDED SUBROUTINE, CALLED 3 TIMES, CODE SIZE REDUCTION:3 WORDS
                 SUBOPT_0x4:
00037b 85ad      	LDD  R26,Y+13
00037c 85be      	LDD  R27,Y+13+1
00037d 85ef      	LDD  R30,Y+15
00037e 89f8      	LDD  R31,Y+15+1
00037f 9509      	ICALL
000380 9508      	RET
                 
                 ;OPTIMIZER ADDED SUBROUTINE, CALLED 2 TIMES, CODE SIZE REDUCTION:4 WORDS
                 SUBOPT_0x5:
000381 89a8      	LDD  R26,Y+16
000382 89b9      	LDD  R27,Y+16+1
000383 9614      	ADIW R26,4
000384 940e 03ac 	CALL __GETW1P
000386 83ee      	STD  Y+6,R30
000387 83ff      	STD  Y+6+1,R31
000388 81ae      	LDD  R26,Y+6
000389 81bf      	LDD  R27,Y+6+1
00038a 9508      	RET
                 
                 ;OPTIMIZER ADDED SUBROUTINE, CALLED 2 TIMES, CODE SIZE REDUCTION:2 WORDS
                 SUBOPT_0x6:
00038b 89a8      	LDD  R26,Y+16
00038c 89b9      	LDD  R27,Y+16+1
00038d 9614      	ADIW R26,4
00038e 940e 03ac 	CALL __GETW1P
000390 87ea      	STD  Y+10,R30
000391 87fb      	STD  Y+10+1,R31
000392 9508      	RET
                 
                 ;OPTIMIZER ADDED SUBROUTINE, CALLED 2 TIMES, CODE SIZE REDUCTION:1 WORDS
                 SUBOPT_0x7:
000393 01de      	MOVW R26,R28
000394 961c      	ADIW R26,12
000395 940e 03a4 	CALL __ADDW2R15
000397 940e 03ac 	CALL __GETW1P
000399 9508      	RET
                 
                 
                 	.CSEG
                 _delay_ms:
00039a 9610      	adiw r26,0
00039b f039      	breq __delay_ms1
                 __delay_ms0:
00039c 95a8      	wdr
                +
00039d ef8a     +LDI R24 , LOW ( 0xFA )
00039e e090     +LDI R25 , HIGH ( 0xFA )
                +__DELAY_USW_LOOP :
00039f 9701     +SBIW R24 , 1
0003a0 f7f1     +BRNE __DELAY_USW_LOOP
                 	__DELAY_USW 0xFA
0003a1 9711      	sbiw r26,1
0003a2 f7c9      	brne __delay_ms0
                 __delay_ms1:
0003a3 9508      	ret
                 
                 __ADDW2R15:
0003a4 2400      	CLR  R0
0003a5 0daf      	ADD  R26,R15
0003a6 1db0      	ADC  R27,R0
0003a7 9508      	RET
                 
                 __ANEGW1:
0003a8 95f1      	NEG  R31
0003a9 95e1      	NEG  R30
0003aa 40f0      	SBCI R31,0
0003ab 9508      	RET
                 
                 __GETW1P:
0003ac 91ed      	LD   R30,X+
0003ad 91fc      	LD   R31,X
0003ae 9711      	SBIW R26,1
0003af 9508      	RET
                 
                 __GETW1PF:
0003b0 9005      	LPM  R0,Z+
0003b1 91f4      	LPM  R31,Z
0003b2 2de0      	MOV  R30,R0
0003b3 9508      	RET
                 
                 __PUTPARD1:
0003b4 937a      	ST   -Y,R23
0003b5 936a      	ST   -Y,R22
0003b6 93fa      	ST   -Y,R31
0003b7 93ea      	ST   -Y,R30
0003b8 9508      	RET
                 
                 __SAVELOCR6:
0003b9 935a      	ST   -Y,R21
                 __SAVELOCR5:
0003ba 934a      	ST   -Y,R20
                 __SAVELOCR4:
0003bb 933a      	ST   -Y,R19
                 __SAVELOCR3:
0003bc 932a      	ST   -Y,R18
                 __SAVELOCR2:
0003bd 931a      	ST   -Y,R17
0003be 930a      	ST   -Y,R16
0003bf 9508      	RET
                 
                 __LOADLOCR6:
0003c0 815d      	LDD  R21,Y+5
                 __LOADLOCR5:
0003c1 814c      	LDD  R20,Y+4
                 __LOADLOCR4:
0003c2 813b      	LDD  R19,Y+3
                 __LOADLOCR3:
0003c3 812a      	LDD  R18,Y+2
                 __LOADLOCR2:
0003c4 8119      	LDD  R17,Y+1
0003c5 8108      	LD   R16,Y
0003c6 9508      	RET
                 
                 ;END OF CODE MARKER
                 __END_OF_CODE:


RESOURCE USE INFORMATION
------------------------

Notice:
The register and instruction counts are symbol table hit counts,
and hence implicitly used resources are not counted, eg, the
'lpm' instruction without operands implicitly uses r0 and z,
none of which are counted.

x,y,z are separate entities in the symbol table and are
counted separately from r26..r31 here.

.dseg memory usage only counts static data declared with .byte

ATmega32 register use summary:
r0 :  11 r1 :   1 r2 :   2 r3 :   0 r4 :   4 r5 :   4 r6 :   0 r7 :   2 
r8 :   0 r9 :   0 r10:   0 r11:   0 r12:   0 r13:   0 r14:   0 r15:   4 
r16:  34 r17:  26 r18:  29 r19:   8 r20:   9 r21:  17 r22:   6 r23:   2 
r24:  11 r25:   3 r26: 115 r27:  41 r28:  17 r29:   1 r30: 189 r31:  61 
x  :  23 y  : 167 z  :  15 
Registers used: 26 out of 35 (74.3%)

ATmega32 instruction use summary:
.lds  :   0 .lds.l:   0 .sts  :   0 .sts.l:   0 adc   :   1 add   :   3 
adiw  :  24 and   :   0 andi  :  10 asr   :   0 bclr  :   0 bld   :   1 
brbc  :   0 brbs  :   0 brcc  :   0 brcs  :   0 break :   0 breq  :  18 
brge  :   0 brhc  :   0 brhs  :   0 brid  :   0 brie  :   0 brlo  :   8 
brlt  :   0 brmi  :   1 brne  :  25 brpl  :   1 brsh  :   2 brtc  :   0 
brts  :   1 brvc  :   0 brvs  :   0 bset  :   0 bst   :   0 call  :  72 
cbi   :  11 cbr   :   0 clc   :   0 clh   :   0 cli   :   1 cln   :   0 
clr   :  12 cls   :   0 clt   :   2 clv   :   0 clz   :   0 com   :   0 
cp    :   4 cpc   :   2 cpi   :  33 cpse  :   0 dec   :   2 des   :   0 
eor   :   0 fmul  :   0 fmuls :   0 fmulsu:   0 icall :   2 ijmp  :   0 
in    :  11 inc   :   2 jmp   :  26 ld    :  25 ldd   :  77 ldi   :  89 
lds   :   0 lpm   :  14 lsl   :   0 lsr   :   0 mov   :  18 movw  :  16 
mul   :   1 muls  :   0 mulsu :   0 neg   :   2 nop   :   0 or    :   2 
ori   :   9 out   :  34 pop   :   3 push  :   3 rcall :  15 ret   :  29 
reti  :   2 rjmp  :  62 rol   :   0 ror   :   0 sbc   :   1 sbci  :   2 
sbi   :  10 sbic  :   0 sbis  :   1 sbiw  :  19 sbr   :   0 sbrc  :   4 
sbrs  :  10 sec   :   0 seh   :   0 sei   :   1 sen   :   0 ser   :   0 
ses   :   0 set   :   1 sev   :   0 sez   :   0 sleep :   0 spm   :   0 
st    :  60 std   :  31 sts   :   2 sub   :   1 subi  :  16 swap  :   2 
tst   :   4 wdr   :   1 
Instructions used: 59 out of 116 (50.9%)

ATmega32 memory use summary [bytes]:
Segment   Begin    End      Code   Data   Used    Size   Use%
---------------------------------------------------------------
[.cseg] 0x000000 0x00078e   1880     54   1934   32768   5.9%
[.dseg] 0x000060 0x000264      0      4      4    2048   0.2%
[.eseg] 0x000000 0x000000      0      0      0    1024   0.0%

Assembly complete, 0 errors, 4 warnings
